[0.109s] DEBUG:colcon:Command line arguments: ['/usr/bin/colcon', 'build']
[0.109s] DEBUG:colcon:Parsed command line arguments: Namespace(log_base=None, log_level=None, verb_name='build', build_base='build', install_base='install', merge_install=False, symlink_install=False, test_result_base=None, continue_on_error=False, executor='parallel', parallel_workers=16, event_handlers=None, ignore_user_meta=False, metas=['./colcon.meta'], base_paths=['.'], packages_ignore=None, packages_ignore_regex=None, paths=None, packages_up_to=None, packages_up_to_regex=None, packages_above=None, packages_above_and_dependencies=None, packages_above_depth=None, packages_select_by_dep=None, packages_skip_by_dep=None, packages_skip_up_to=None, packages_select_build_failed=False, packages_skip_build_finished=False, packages_select_test_failures=False, packages_skip_test_passed=False, packages_select=None, packages_skip=None, packages_select_regex=None, packages_skip_regex=None, packages_start=None, packages_end=None, cmake_args=None, cmake_target=None, cmake_target_skip_unavailable=False, cmake_clean_cache=False, cmake_clean_first=False, cmake_force_configure=False, ament_cmake_args=None, catkin_cmake_args=None, catkin_skip_building_tests=False, verb_parser=<colcon_defaults.argument_parser.defaults.DefaultArgumentsDecorator object at 0x7825a88d1760>, verb_extension=<colcon_core.verb.build.BuildVerb object at 0x7825a8a2e5d0>, main=<bound method BuildVerb.main of <colcon_core.verb.build.BuildVerb object at 0x7825a8a2e5d0>>)
[0.147s] Level 1:colcon.colcon_core.package_discovery:discover_packages(colcon_meta) check parameters
[0.147s] Level 1:colcon.colcon_core.package_discovery:discover_packages(recursive) check parameters
[0.147s] Level 1:colcon.colcon_core.package_discovery:discover_packages(ignore) check parameters
[0.147s] Level 1:colcon.colcon_core.package_discovery:discover_packages(path) check parameters
[0.147s] Level 1:colcon.colcon_core.package_discovery:discover_packages(colcon_meta) discover
[0.147s] Level 1:colcon.colcon_core.package_discovery:discover_packages(recursive) discover
[0.147s] INFO:colcon.colcon_core.package_discovery:Crawling recursively for packages in '/home/prathamkelkar/ros2_ws'
[0.147s] Level 1:colcon.colcon_core.package_identification:_identify(.) by extensions ['ignore', 'ignore_ament_install']
[0.147s] Level 1:colcon.colcon_core.package_identification:_identify(.) by extension 'ignore'
[0.147s] Level 1:colcon.colcon_core.package_identification:_identify(.) by extension 'ignore_ament_install'
[0.147s] Level 1:colcon.colcon_core.package_identification:_identify(.) by extensions ['colcon_pkg']
[0.147s] Level 1:colcon.colcon_core.package_identification:_identify(.) by extension 'colcon_pkg'
[0.148s] Level 1:colcon.colcon_core.package_identification:_identify(.) by extensions ['colcon_meta']
[0.148s] Level 1:colcon.colcon_core.package_identification:_identify(.) by extension 'colcon_meta'
[0.148s] Level 1:colcon.colcon_core.package_identification:_identify(.) by extensions ['ros']
[0.148s] Level 1:colcon.colcon_core.package_identification:_identify(.) by extension 'ros'
[0.173s] Level 1:colcon.colcon_core.package_identification:_identify(.) by extensions ['cmake', 'python']
[0.173s] Level 1:colcon.colcon_core.package_identification:_identify(.) by extension 'cmake'
[0.173s] Level 1:colcon.colcon_core.package_identification:_identify(.) by extension 'python'
[0.173s] Level 1:colcon.colcon_core.package_identification:_identify(.) by extensions ['python_setup_py']
[0.173s] Level 1:colcon.colcon_core.package_identification:_identify(.) by extension 'python_setup_py'
[0.173s] Level 1:colcon.colcon_core.package_identification:_identify(build) by extensions ['ignore', 'ignore_ament_install']
[0.173s] Level 1:colcon.colcon_core.package_identification:_identify(build) by extension 'ignore'
[0.173s] Level 1:colcon.colcon_core.package_identification:_identify(build) ignored
[0.174s] Level 1:colcon.colcon_core.package_identification:_identify(install) by extensions ['ignore', 'ignore_ament_install']
[0.174s] Level 1:colcon.colcon_core.package_identification:_identify(install) by extension 'ignore'
[0.174s] Level 1:colcon.colcon_core.package_identification:_identify(install) ignored
[0.174s] Level 1:colcon.colcon_core.package_identification:_identify(log) by extensions ['ignore', 'ignore_ament_install']
[0.174s] Level 1:colcon.colcon_core.package_identification:_identify(log) by extension 'ignore'
[0.174s] Level 1:colcon.colcon_core.package_identification:_identify(log) ignored
[0.174s] Level 1:colcon.colcon_core.package_identification:_identify(src) by extensions ['ignore', 'ignore_ament_install']
[0.174s] Level 1:colcon.colcon_core.package_identification:_identify(src) by extension 'ignore'
[0.174s] Level 1:colcon.colcon_core.package_identification:_identify(src) by extension 'ignore_ament_install'
[0.174s] Level 1:colcon.colcon_core.package_identification:_identify(src) by extensions ['colcon_pkg']
[0.174s] Level 1:colcon.colcon_core.package_identification:_identify(src) by extension 'colcon_pkg'
[0.174s] Level 1:colcon.colcon_core.package_identification:_identify(src) by extensions ['colcon_meta']
[0.174s] Level 1:colcon.colcon_core.package_identification:_identify(src) by extension 'colcon_meta'
[0.174s] Level 1:colcon.colcon_core.package_identification:_identify(src) by extensions ['ros']
[0.174s] Level 1:colcon.colcon_core.package_identification:_identify(src) by extension 'ros'
[0.174s] Level 1:colcon.colcon_core.package_identification:_identify(src) by extensions ['cmake', 'python']
[0.174s] Level 1:colcon.colcon_core.package_identification:_identify(src) by extension 'cmake'
[0.174s] Level 1:colcon.colcon_core.package_identification:_identify(src) by extension 'python'
[0.174s] Level 1:colcon.colcon_core.package_identification:_identify(src) by extensions ['python_setup_py']
[0.174s] Level 1:colcon.colcon_core.package_identification:_identify(src) by extension 'python_setup_py'
[0.175s] Level 1:colcon.colcon_core.package_identification:_identify(src/simple_quadcopter_teleop) by extensions ['ignore', 'ignore_ament_install']
[0.175s] Level 1:colcon.colcon_core.package_identification:_identify(src/simple_quadcopter_teleop) by extension 'ignore'
[0.175s] Level 1:colcon.colcon_core.package_identification:_identify(src/simple_quadcopter_teleop) by extension 'ignore_ament_install'
[0.175s] Level 1:colcon.colcon_core.package_identification:_identify(src/simple_quadcopter_teleop) by extensions ['colcon_pkg']
[0.175s] Level 1:colcon.colcon_core.package_identification:_identify(src/simple_quadcopter_teleop) by extension 'colcon_pkg'
[0.175s] Level 1:colcon.colcon_core.package_identification:_identify(src/simple_quadcopter_teleop) by extensions ['colcon_meta']
[0.175s] Level 1:colcon.colcon_core.package_identification:_identify(src/simple_quadcopter_teleop) by extension 'colcon_meta'
[0.175s] Level 1:colcon.colcon_core.package_identification:_identify(src/simple_quadcopter_teleop) by extensions ['ros']
[0.175s] Level 1:colcon.colcon_core.package_identification:_identify(src/simple_quadcopter_teleop) by extension 'ros'
[0.177s] DEBUG:colcon.colcon_core.package_identification:Package 'src/simple_quadcopter_teleop' with type 'ros.ament_python' and name 'simple_quadcopter_teleop'
[0.177s] Level 1:colcon.colcon_core.package_discovery:discover_packages(recursive) using defaults
[0.177s] Level 1:colcon.colcon_core.package_discovery:discover_packages(ignore) discover
[0.177s] Level 1:colcon.colcon_core.package_discovery:discover_packages(ignore) using defaults
[0.177s] Level 1:colcon.colcon_core.package_discovery:discover_packages(path) discover
[0.177s] Level 1:colcon.colcon_core.package_discovery:discover_packages(path) using defaults
[0.195s] Level 5:colcon.colcon_core.verb:set package 'simple_quadcopter_teleop' build argument 'cmake_args' from command line to 'None'
[0.195s] Level 5:colcon.colcon_core.verb:set package 'simple_quadcopter_teleop' build argument 'cmake_target' from command line to 'None'
[0.195s] Level 5:colcon.colcon_core.verb:set package 'simple_quadcopter_teleop' build argument 'cmake_target_skip_unavailable' from command line to 'False'
[0.195s] Level 5:colcon.colcon_core.verb:set package 'simple_quadcopter_teleop' build argument 'cmake_clean_cache' from command line to 'False'
[0.195s] Level 5:colcon.colcon_core.verb:set package 'simple_quadcopter_teleop' build argument 'cmake_clean_first' from command line to 'False'
[0.195s] Level 5:colcon.colcon_core.verb:set package 'simple_quadcopter_teleop' build argument 'cmake_force_configure' from command line to 'False'
[0.195s] Level 5:colcon.colcon_core.verb:set package 'simple_quadcopter_teleop' build argument 'ament_cmake_args' from command line to 'None'
[0.195s] Level 5:colcon.colcon_core.verb:set package 'simple_quadcopter_teleop' build argument 'catkin_cmake_args' from command line to 'None'
[0.195s] Level 5:colcon.colcon_core.verb:set package 'simple_quadcopter_teleop' build argument 'catkin_skip_building_tests' from command line to 'False'
[0.195s] DEBUG:colcon.colcon_core.verb:Building package 'simple_quadcopter_teleop' with the following arguments: {'ament_cmake_args': None, 'build_base': '/home/prathamkelkar/ros2_ws/build/simple_quadcopter_teleop', 'catkin_cmake_args': None, 'catkin_skip_building_tests': False, 'cmake_args': None, 'cmake_clean_cache': False, 'cmake_clean_first': False, 'cmake_force_configure': False, 'cmake_target': None, 'cmake_target_skip_unavailable': False, 'install_base': '/home/prathamkelkar/ros2_ws/install/simple_quadcopter_teleop', 'merge_install': False, 'path': '/home/prathamkelkar/ros2_ws/src/simple_quadcopter_teleop', 'symlink_install': False, 'test_result_base': None}
[0.196s] INFO:colcon.colcon_core.executor:Executing jobs using 'parallel' executor
[0.197s] DEBUG:colcon.colcon_parallel_executor.executor.parallel:run_until_complete
[0.197s] INFO:colcon.colcon_ros.task.ament_python.build:Building ROS package in '/home/prathamkelkar/ros2_ws/src/simple_quadcopter_teleop' with build type 'ament_python'
[0.197s] Level 1:colcon.colcon_core.shell:create_environment_hook('simple_quadcopter_teleop', 'ament_prefix_path')
[0.199s] INFO:colcon.colcon_core.plugin_system:Skipping extension 'colcon_core.shell.bat': Not used on non-Windows systems
[0.199s] INFO:colcon.colcon_core.shell:Creating environment descriptor '/home/prathamkelkar/ros2_ws/install/simple_quadcopter_teleop/share/simple_quadcopter_teleop/hook/ament_prefix_path.dsv'
[0.200s] INFO:colcon.colcon_core.shell:Creating environment hook '/home/prathamkelkar/ros2_ws/install/simple_quadcopter_teleop/share/simple_quadcopter_teleop/hook/ament_prefix_path.sh'
[0.200s] DEBUG:colcon.colcon_core.shell:Skip shell extension 'dsv' for command environment
[0.439s] INFO:colcon.colcon_core.task.python.build:Building Python package in '/home/prathamkelkar/ros2_ws/src/simple_quadcopter_teleop'
[0.440s] DEBUG:colcon.colcon_core.shell:Skip shell extension 'dsv' for command environment
[0.995s] DEBUG:colcon.colcon_core.task.python.build:Available setuptools commands: bdist_rpm, test, update_catalog, build_clib, extract_messages, compile_catalog, register, check, install_scripts, editable_wheel, build_py, saveopts, install_egg_info, develop, build_scripts, install, dist_info, clean, install_headers, build, upload_docs, bdist_wheel, install_data, egg_info, alias, easy_install, init_catalog, bdist, install_lib, bdist_egg, rotate, setopt, symlink_data, build_ext, bdist_dumb, upload, sdist
[1.001s] DEBUG:colcon.colcon_core.event_handler.log_command:Invoking command in '/home/prathamkelkar/ros2_ws/build/simple_quadcopter_teleop': DEBUGINFOD_URLS=https://debuginfod.ubuntu.com PYTHONPATH=/home/prathamkelkar/ros2_ws/build/simple_quadcopter_teleop/prefix_override:/usr/lib/python3/dist-packages/colcon_core/task/python/colcon_distutils_commands:/home/prathamkelkar/ros2_ws/install/simple_quadcopter_teleop/lib/python3.12/site-packages:${PYTHONPATH} /usr/bin/python3 -W ignore:setup.py install is deprecated -W ignore:easy_install command is deprecated setup.py develop --uninstall --editable --build-directory /home/prathamkelkar/ros2_ws/build/simple_quadcopter_teleop/build
[1.501s] DEBUG:colcon.colcon_core.event_handler.log_command:Invoked command in '/home/prathamkelkar/ros2_ws/build/simple_quadcopter_teleop' returned '0': DEBUGINFOD_URLS=https://debuginfod.ubuntu.com PYTHONPATH=/home/prathamkelkar/ros2_ws/build/simple_quadcopter_teleop/prefix_override:/usr/lib/python3/dist-packages/colcon_core/task/python/colcon_distutils_commands:/home/prathamkelkar/ros2_ws/install/simple_quadcopter_teleop/lib/python3.12/site-packages:${PYTHONPATH} /usr/bin/python3 -W ignore:setup.py install is deprecated -W ignore:easy_install command is deprecated setup.py develop --uninstall --editable --build-directory /home/prathamkelkar/ros2_ws/build/simple_quadcopter_teleop/build
[1.504s] DEBUG:colcon.colcon_core.event_handler.log_command:Invoking command in '/home/prathamkelkar/ros2_ws/src/simple_quadcopter_teleop': DEBUGINFOD_URLS=https://debuginfod.ubuntu.com PYTHONPATH=/home/prathamkelkar/ros2_ws/build/simple_quadcopter_teleop/prefix_override:/usr/lib/python3/dist-packages/colcon_core/task/python/colcon_distutils_commands:/home/prathamkelkar/ros2_ws/install/simple_quadcopter_teleop/lib/python3.12/site-packages:${PYTHONPATH} /usr/bin/python3 -W ignore:setup.py install is deprecated -W ignore:easy_install command is deprecated setup.py egg_info --egg-base ../../build/simple_quadcopter_teleop build --build-base /home/prathamkelkar/ros2_ws/build/simple_quadcopter_teleop/build install --record /home/prathamkelkar/ros2_ws/build/simple_quadcopter_teleop/install.log --install-scripts $base/lib/simple_quadcopter_teleop --single-version-externally-managed install_data --force
[2.010s] DEBUG:colcon.colcon_core.event_handler.log_command:Invoked command in '/home/prathamkelkar/ros2_ws/src/simple_quadcopter_teleop' returned '0': DEBUGINFOD_URLS=https://debuginfod.ubuntu.com PYTHONPATH=/home/prathamkelkar/ros2_ws/build/simple_quadcopter_teleop/prefix_override:/usr/lib/python3/dist-packages/colcon_core/task/python/colcon_distutils_commands:/home/prathamkelkar/ros2_ws/install/simple_quadcopter_teleop/lib/python3.12/site-packages:${PYTHONPATH} /usr/bin/python3 -W ignore:setup.py install is deprecated -W ignore:easy_install command is deprecated setup.py egg_info --egg-base ../../build/simple_quadcopter_teleop build --build-base /home/prathamkelkar/ros2_ws/build/simple_quadcopter_teleop/build install --record /home/prathamkelkar/ros2_ws/build/simple_quadcopter_teleop/install.log --install-scripts $base/lib/simple_quadcopter_teleop --single-version-externally-managed install_data --force
[2.013s] Level 1:colcon.colcon_core.environment:checking '/home/prathamkelkar/ros2_ws/install/simple_quadcopter_teleop' for CMake module files
[2.014s] Level 1:colcon.colcon_core.environment:checking '/home/prathamkelkar/ros2_ws/install/simple_quadcopter_teleop' for CMake config files
[2.015s] Level 1:colcon.colcon_core.environment:checking '/home/prathamkelkar/ros2_ws/install/simple_quadcopter_teleop/lib'
[2.015s] Level 1:colcon.colcon_core.environment:checking '/home/prathamkelkar/ros2_ws/install/simple_quadcopter_teleop/bin'
[2.015s] Level 1:colcon.colcon_core.environment:checking '/home/prathamkelkar/ros2_ws/install/simple_quadcopter_teleop/lib/pkgconfig/simple_quadcopter_teleop.pc'
[2.016s] Level 1:colcon.colcon_core.environment:checking '/home/prathamkelkar/ros2_ws/install/simple_quadcopter_teleop/lib/python3.12/site-packages'
[2.016s] Level 1:colcon.colcon_core.shell:create_environment_hook('simple_quadcopter_teleop', 'pythonpath')
[2.016s] INFO:colcon.colcon_core.shell:Creating environment descriptor '/home/prathamkelkar/ros2_ws/install/simple_quadcopter_teleop/share/simple_quadcopter_teleop/hook/pythonpath.dsv'
[2.017s] INFO:colcon.colcon_core.shell:Creating environment hook '/home/prathamkelkar/ros2_ws/install/simple_quadcopter_teleop/share/simple_quadcopter_teleop/hook/pythonpath.sh'
[2.018s] Level 1:colcon.colcon_core.environment:checking '/home/prathamkelkar/ros2_ws/install/simple_quadcopter_teleop/bin'
[2.018s] Level 1:colcon.colcon_core.environment:create_environment_scripts_only(simple_quadcopter_teleop)
[2.018s] INFO:colcon.colcon_core.shell:Creating package descriptor '/home/prathamkelkar/ros2_ws/install/simple_quadcopter_teleop/share/simple_quadcopter_teleop/package.dsv'
[2.019s] INFO:colcon.colcon_core.shell:Creating package script '/home/prathamkelkar/ros2_ws/install/simple_quadcopter_teleop/share/simple_quadcopter_teleop/package.sh'
[2.019s] INFO:colcon.colcon_core.shell:Creating package script '/home/prathamkelkar/ros2_ws/install/simple_quadcopter_teleop/share/simple_quadcopter_teleop/package.bash'
[2.020s] INFO:colcon.colcon_core.shell:Creating package script '/home/prathamkelkar/ros2_ws/install/simple_quadcopter_teleop/share/simple_quadcopter_teleop/package.zsh'
[2.021s] Level 1:colcon.colcon_core.environment:create_file_with_runtime_dependencies(/home/prathamkelkar/ros2_ws/install/simple_quadcopter_teleop/share/colcon-core/packages/simple_quadcopter_teleop)
[2.021s] DEBUG:colcon.colcon_parallel_executor.executor.parallel:closing loop
[2.021s] DEBUG:colcon.colcon_parallel_executor.executor.parallel:loop closed
[2.021s] DEBUG:colcon.colcon_parallel_executor.executor.parallel:run_until_complete finished with '0'
[2.021s] DEBUG:colcon.colcon_core.event_reactor:joining thread
[2.029s] INFO:colcon.colcon_core.plugin_system:Skipping extension 'colcon_notification.desktop_notification.terminal_notifier': Not used on non-Darwin systems
[2.030s] INFO:colcon.colcon_core.plugin_system:Skipping extension 'colcon_notification.desktop_notification.win32': Not used on non-Windows systems
[2.030s] INFO:colcon.colcon_notification.desktop_notification:Sending desktop notification using 'notify2'
[2.056s] DEBUG:colcon.colcon_core.event_reactor:joined thread
[2.056s] INFO:colcon.colcon_core.shell:Creating prefix script '/home/prathamkelkar/ros2_ws/install/local_setup.sh'
[2.057s] INFO:colcon.colcon_core.shell:Creating prefix util module '/home/prathamkelkar/ros2_ws/install/_local_setup_util_sh.py'
[2.058s] INFO:colcon.colcon_core.shell:Creating prefix chain script '/home/prathamkelkar/ros2_ws/install/setup.sh'
[2.059s] INFO:colcon.colcon_core.shell:Creating prefix script '/home/prathamkelkar/ros2_ws/install/local_setup.bash'
[2.060s] INFO:colcon.colcon_core.shell:Creating prefix chain script '/home/prathamkelkar/ros2_ws/install/setup.bash'
[2.061s] INFO:colcon.colcon_core.shell:Creating prefix script '/home/prathamkelkar/ros2_ws/install/local_setup.zsh'
[2.061s] INFO:colcon.colcon_core.shell:Creating prefix chain script '/home/prathamkelkar/ros2_ws/install/setup.zsh'
