[0.106s] DEBUG:colcon:Command line arguments: ['/usr/bin/colcon', 'build', '--symlink-install']
[0.106s] DEBUG:colcon:Parsed command line arguments: Namespace(log_base=None, log_level=None, verb_name='build', build_base='build', install_base='install', merge_install=False, symlink_install=True, test_result_base=None, continue_on_error=False, executor='parallel', parallel_workers=16, event_handlers=None, ignore_user_meta=False, metas=['./colcon.meta'], base_paths=['.'], packages_ignore=None, packages_ignore_regex=None, paths=None, packages_up_to=None, packages_up_to_regex=None, packages_above=None, packages_above_and_dependencies=None, packages_above_depth=None, packages_select_by_dep=None, packages_skip_by_dep=None, packages_skip_up_to=None, packages_select_build_failed=False, packages_skip_build_finished=False, packages_select_test_failures=False, packages_skip_test_passed=False, packages_select=None, packages_skip=None, packages_select_regex=None, packages_skip_regex=None, packages_start=None, packages_end=None, cmake_args=None, cmake_target=None, cmake_target_skip_unavailable=False, cmake_clean_cache=False, cmake_clean_first=False, cmake_force_configure=False, ament_cmake_args=None, catkin_cmake_args=None, catkin_skip_building_tests=False, verb_parser=<colcon_defaults.argument_parser.defaults.DefaultArgumentsDecorator object at 0x7837490bd370>, verb_extension=<colcon_core.verb.build.BuildVerb object at 0x78374923d4f0>, main=<bound method BuildVerb.main of <colcon_core.verb.build.BuildVerb object at 0x78374923d4f0>>)
[0.147s] Level 1:colcon.colcon_core.package_discovery:discover_packages(colcon_meta) check parameters
[0.147s] Level 1:colcon.colcon_core.package_discovery:discover_packages(recursive) check parameters
[0.147s] Level 1:colcon.colcon_core.package_discovery:discover_packages(ignore) check parameters
[0.147s] Level 1:colcon.colcon_core.package_discovery:discover_packages(path) check parameters
[0.147s] Level 1:colcon.colcon_core.package_discovery:discover_packages(colcon_meta) discover
[0.147s] Level 1:colcon.colcon_core.package_discovery:discover_packages(recursive) discover
[0.147s] INFO:colcon.colcon_core.package_discovery:Crawling recursively for packages in '/home/prathamkelkar/ros2_ws'
[0.148s] Level 1:colcon.colcon_core.package_identification:_identify(.) by extensions ['ignore', 'ignore_ament_install']
[0.148s] Level 1:colcon.colcon_core.package_identification:_identify(.) by extension 'ignore'
[0.148s] Level 1:colcon.colcon_core.package_identification:_identify(.) by extension 'ignore_ament_install'
[0.148s] Level 1:colcon.colcon_core.package_identification:_identify(.) by extensions ['colcon_pkg']
[0.148s] Level 1:colcon.colcon_core.package_identification:_identify(.) by extension 'colcon_pkg'
[0.148s] Level 1:colcon.colcon_core.package_identification:_identify(.) by extensions ['colcon_meta']
[0.148s] Level 1:colcon.colcon_core.package_identification:_identify(.) by extension 'colcon_meta'
[0.148s] Level 1:colcon.colcon_core.package_identification:_identify(.) by extensions ['ros']
[0.148s] Level 1:colcon.colcon_core.package_identification:_identify(.) by extension 'ros'
[0.176s] Level 1:colcon.colcon_core.package_identification:_identify(.) by extensions ['cmake', 'python']
[0.176s] Level 1:colcon.colcon_core.package_identification:_identify(.) by extension 'cmake'
[0.176s] Level 1:colcon.colcon_core.package_identification:_identify(.) by extension 'python'
[0.176s] Level 1:colcon.colcon_core.package_identification:_identify(.) by extensions ['python_setup_py']
[0.176s] Level 1:colcon.colcon_core.package_identification:_identify(.) by extension 'python_setup_py'
[0.176s] Level 1:colcon.colcon_core.package_identification:_identify(build) by extensions ['ignore', 'ignore_ament_install']
[0.176s] Level 1:colcon.colcon_core.package_identification:_identify(build) by extension 'ignore'
[0.176s] Level 1:colcon.colcon_core.package_identification:_identify(build) ignored
[0.177s] Level 1:colcon.colcon_core.package_identification:_identify(install) by extensions ['ignore', 'ignore_ament_install']
[0.177s] Level 1:colcon.colcon_core.package_identification:_identify(install) by extension 'ignore'
[0.177s] Level 1:colcon.colcon_core.package_identification:_identify(install) ignored
[0.177s] Level 1:colcon.colcon_core.package_identification:_identify(log) by extensions ['ignore', 'ignore_ament_install']
[0.177s] Level 1:colcon.colcon_core.package_identification:_identify(log) by extension 'ignore'
[0.177s] Level 1:colcon.colcon_core.package_identification:_identify(log) ignored
[0.177s] Level 1:colcon.colcon_core.package_identification:_identify(src) by extensions ['ignore', 'ignore_ament_install']
[0.177s] Level 1:colcon.colcon_core.package_identification:_identify(src) by extension 'ignore'
[0.177s] Level 1:colcon.colcon_core.package_identification:_identify(src) by extension 'ignore_ament_install'
[0.177s] Level 1:colcon.colcon_core.package_identification:_identify(src) by extensions ['colcon_pkg']
[0.177s] Level 1:colcon.colcon_core.package_identification:_identify(src) by extension 'colcon_pkg'
[0.177s] Level 1:colcon.colcon_core.package_identification:_identify(src) by extensions ['colcon_meta']
[0.177s] Level 1:colcon.colcon_core.package_identification:_identify(src) by extension 'colcon_meta'
[0.177s] Level 1:colcon.colcon_core.package_identification:_identify(src) by extensions ['ros']
[0.177s] Level 1:colcon.colcon_core.package_identification:_identify(src) by extension 'ros'
[0.177s] Level 1:colcon.colcon_core.package_identification:_identify(src) by extensions ['cmake', 'python']
[0.177s] Level 1:colcon.colcon_core.package_identification:_identify(src) by extension 'cmake'
[0.178s] Level 1:colcon.colcon_core.package_identification:_identify(src) by extension 'python'
[0.178s] Level 1:colcon.colcon_core.package_identification:_identify(src) by extensions ['python_setup_py']
[0.178s] Level 1:colcon.colcon_core.package_identification:_identify(src) by extension 'python_setup_py'
[0.178s] Level 1:colcon.colcon_core.package_identification:_identify(src/px4_msgs) by extensions ['ignore', 'ignore_ament_install']
[0.178s] Level 1:colcon.colcon_core.package_identification:_identify(src/px4_msgs) by extension 'ignore'
[0.178s] Level 1:colcon.colcon_core.package_identification:_identify(src/px4_msgs) by extension 'ignore_ament_install'
[0.178s] Level 1:colcon.colcon_core.package_identification:_identify(src/px4_msgs) by extensions ['colcon_pkg']
[0.178s] Level 1:colcon.colcon_core.package_identification:_identify(src/px4_msgs) by extension 'colcon_pkg'
[0.178s] Level 1:colcon.colcon_core.package_identification:_identify(src/px4_msgs) by extensions ['colcon_meta']
[0.178s] Level 1:colcon.colcon_core.package_identification:_identify(src/px4_msgs) by extension 'colcon_meta'
[0.178s] Level 1:colcon.colcon_core.package_identification:_identify(src/px4_msgs) by extensions ['ros']
[0.178s] Level 1:colcon.colcon_core.package_identification:_identify(src/px4_msgs) by extension 'ros'
[0.181s] DEBUG:colcon.colcon_core.package_identification:Package 'src/px4_msgs' with type 'ros.ament_cmake' and name 'px4_msgs'
[0.181s] Level 1:colcon.colcon_core.package_identification:_identify(src/simple_quadcopter_teleop) by extensions ['ignore', 'ignore_ament_install']
[0.181s] Level 1:colcon.colcon_core.package_identification:_identify(src/simple_quadcopter_teleop) by extension 'ignore'
[0.181s] Level 1:colcon.colcon_core.package_identification:_identify(src/simple_quadcopter_teleop) by extension 'ignore_ament_install'
[0.181s] Level 1:colcon.colcon_core.package_identification:_identify(src/simple_quadcopter_teleop) by extensions ['colcon_pkg']
[0.181s] Level 1:colcon.colcon_core.package_identification:_identify(src/simple_quadcopter_teleop) by extension 'colcon_pkg'
[0.181s] Level 1:colcon.colcon_core.package_identification:_identify(src/simple_quadcopter_teleop) by extensions ['colcon_meta']
[0.181s] Level 1:colcon.colcon_core.package_identification:_identify(src/simple_quadcopter_teleop) by extension 'colcon_meta'
[0.181s] Level 1:colcon.colcon_core.package_identification:_identify(src/simple_quadcopter_teleop) by extensions ['ros']
[0.181s] Level 1:colcon.colcon_core.package_identification:_identify(src/simple_quadcopter_teleop) by extension 'ros'
[0.182s] DEBUG:colcon.colcon_core.package_identification:Package 'src/simple_quadcopter_teleop' with type 'ros.ament_python' and name 'simple_quadcopter_teleop'
[0.182s] Level 1:colcon.colcon_core.package_discovery:discover_packages(recursive) using defaults
[0.182s] Level 1:colcon.colcon_core.package_discovery:discover_packages(ignore) discover
[0.182s] Level 1:colcon.colcon_core.package_discovery:discover_packages(ignore) using defaults
[0.182s] Level 1:colcon.colcon_core.package_discovery:discover_packages(path) discover
[0.182s] Level 1:colcon.colcon_core.package_discovery:discover_packages(path) using defaults
[0.203s] Level 5:colcon.colcon_core.verb:set package 'px4_msgs' build argument 'cmake_args' from command line to 'None'
[0.203s] Level 5:colcon.colcon_core.verb:set package 'px4_msgs' build argument 'cmake_target' from command line to 'None'
[0.204s] Level 5:colcon.colcon_core.verb:set package 'px4_msgs' build argument 'cmake_target_skip_unavailable' from command line to 'False'
[0.204s] Level 5:colcon.colcon_core.verb:set package 'px4_msgs' build argument 'cmake_clean_cache' from command line to 'False'
[0.204s] Level 5:colcon.colcon_core.verb:set package 'px4_msgs' build argument 'cmake_clean_first' from command line to 'False'
[0.204s] Level 5:colcon.colcon_core.verb:set package 'px4_msgs' build argument 'cmake_force_configure' from command line to 'False'
[0.204s] Level 5:colcon.colcon_core.verb:set package 'px4_msgs' build argument 'ament_cmake_args' from command line to 'None'
[0.204s] Level 5:colcon.colcon_core.verb:set package 'px4_msgs' build argument 'catkin_cmake_args' from command line to 'None'
[0.204s] Level 5:colcon.colcon_core.verb:set package 'px4_msgs' build argument 'catkin_skip_building_tests' from command line to 'False'
[0.204s] DEBUG:colcon.colcon_core.verb:Building package 'px4_msgs' with the following arguments: {'ament_cmake_args': None, 'build_base': '/home/prathamkelkar/ros2_ws/build/px4_msgs', 'catkin_cmake_args': None, 'catkin_skip_building_tests': False, 'cmake_args': None, 'cmake_clean_cache': False, 'cmake_clean_first': False, 'cmake_force_configure': False, 'cmake_target': None, 'cmake_target_skip_unavailable': False, 'install_base': '/home/prathamkelkar/ros2_ws/install/px4_msgs', 'merge_install': False, 'path': '/home/prathamkelkar/ros2_ws/src/px4_msgs', 'symlink_install': True, 'test_result_base': None}
[0.204s] Level 5:colcon.colcon_core.verb:set package 'simple_quadcopter_teleop' build argument 'cmake_args' from command line to 'None'
[0.204s] Level 5:colcon.colcon_core.verb:set package 'simple_quadcopter_teleop' build argument 'cmake_target' from command line to 'None'
[0.204s] Level 5:colcon.colcon_core.verb:set package 'simple_quadcopter_teleop' build argument 'cmake_target_skip_unavailable' from command line to 'False'
[0.204s] Level 5:colcon.colcon_core.verb:set package 'simple_quadcopter_teleop' build argument 'cmake_clean_cache' from command line to 'False'
[0.204s] Level 5:colcon.colcon_core.verb:set package 'simple_quadcopter_teleop' build argument 'cmake_clean_first' from command line to 'False'
[0.204s] Level 5:colcon.colcon_core.verb:set package 'simple_quadcopter_teleop' build argument 'cmake_force_configure' from command line to 'False'
[0.204s] Level 5:colcon.colcon_core.verb:set package 'simple_quadcopter_teleop' build argument 'ament_cmake_args' from command line to 'None'
[0.204s] Level 5:colcon.colcon_core.verb:set package 'simple_quadcopter_teleop' build argument 'catkin_cmake_args' from command line to 'None'
[0.204s] Level 5:colcon.colcon_core.verb:set package 'simple_quadcopter_teleop' build argument 'catkin_skip_building_tests' from command line to 'False'
[0.204s] DEBUG:colcon.colcon_core.verb:Building package 'simple_quadcopter_teleop' with the following arguments: {'ament_cmake_args': None, 'build_base': '/home/prathamkelkar/ros2_ws/build/simple_quadcopter_teleop', 'catkin_cmake_args': None, 'catkin_skip_building_tests': False, 'cmake_args': None, 'cmake_clean_cache': False, 'cmake_clean_first': False, 'cmake_force_configure': False, 'cmake_target': None, 'cmake_target_skip_unavailable': False, 'install_base': '/home/prathamkelkar/ros2_ws/install/simple_quadcopter_teleop', 'merge_install': False, 'path': '/home/prathamkelkar/ros2_ws/src/simple_quadcopter_teleop', 'symlink_install': True, 'test_result_base': None}
[0.204s] INFO:colcon.colcon_core.executor:Executing jobs using 'parallel' executor
[0.206s] DEBUG:colcon.colcon_parallel_executor.executor.parallel:run_until_complete
[0.207s] INFO:colcon.colcon_ros.task.ament_cmake.build:Building ROS package in '/home/prathamkelkar/ros2_ws/src/px4_msgs' with build type 'ament_cmake'
[0.207s] INFO:colcon.colcon_cmake.task.cmake.build:Building CMake package in '/home/prathamkelkar/ros2_ws/src/px4_msgs'
[0.209s] INFO:colcon.colcon_core.plugin_system:Skipping extension 'colcon_core.shell.bat': Not used on non-Windows systems
[0.209s] DEBUG:colcon.colcon_core.shell:Skip shell extension 'dsv' for command environment
[0.214s] INFO:colcon.colcon_ros.task.ament_python.build:Building ROS package in '/home/prathamkelkar/ros2_ws/src/simple_quadcopter_teleop' with build type 'ament_python'
[0.214s] Level 1:colcon.colcon_core.shell:create_environment_hook('simple_quadcopter_teleop', 'ament_prefix_path')
[0.214s] INFO:colcon.colcon_core.shell:Creating environment descriptor '/home/prathamkelkar/ros2_ws/install/simple_quadcopter_teleop/share/simple_quadcopter_teleop/hook/ament_prefix_path.dsv'
[0.215s] INFO:colcon.colcon_core.shell:Creating environment hook '/home/prathamkelkar/ros2_ws/install/simple_quadcopter_teleop/share/simple_quadcopter_teleop/hook/ament_prefix_path.sh'
[0.216s] DEBUG:colcon.colcon_core.shell:Skip shell extension 'dsv' for command environment
[0.222s] DEBUG:colcon.colcon_core.event_handler.log_command:Invoking command in '/home/prathamkelkar/ros2_ws/build/px4_msgs': CMAKE_PREFIX_PATH=${CMAKE_PREFIX_PATH}:/opt/ros/jazzy DEBUGINFOD_URLS=https://debuginfod.ubuntu.com /usr/bin/cmake /home/prathamkelkar/ros2_ws/src/px4_msgs -DAMENT_CMAKE_SYMLINK_INSTALL=1 -DCMAKE_INSTALL_PREFIX=/home/prathamkelkar/ros2_ws/install/px4_msgs
[0.473s] INFO:colcon.colcon_core.task.python.build:Building Python package in '/home/prathamkelkar/ros2_ws/src/simple_quadcopter_teleop'
[0.473s] DEBUG:colcon.colcon_core.shell:Skip shell extension 'dsv' for command environment
[1.016s] DEBUG:colcon.colcon_core.task.python.build:Available setuptools commands: compile_catalog, bdist_egg, build_py, bdist_rpm, editable_wheel, upload, check, build_clib, install, build_ext, build, build_scripts, rotate, develop, init_catalog, install_scripts, bdist_dumb, install_egg_info, install_lib, easy_install, clean, upload_docs, update_catalog, register, sdist, dist_info, test, alias, extract_messages, symlink_data, saveopts, install_headers, egg_info, setopt, bdist_wheel, bdist, install_data
[1.369s] DEBUG:colcon.colcon_core.task.python.build:Available setuptools 'develop' options: --index-url, --record, --install-dir, --script-dir, --site-dirs, --editable, --zip-ok, --no-deps, --version, --uninstall, --no-find-links, --local-snapshots-ok, --build-directory, --prefix, --find-links, --user, --always-unzip, --quiet, --exclude-scripts, --force-installation-into-system-dir, --optimize, --egg-path, --help, --upgrade, --dry-run, --install-layout, --no-user-cfg, --allow-hosts, --always-copy, --verbose, --multi-version
[1.369s] DEBUG:colcon.colcon_core.task.python.build:While undoing a previous installation files outside the Python library path are being ignored: /home/prathamkelkar/ros2_ws/install/simple_quadcopter_teleop/share/ament_index/resource_index/packages/simple_quadcopter_teleop
[1.369s] DEBUG:colcon.colcon_core.task.python.build:While undoing a previous installation files outside the Python library path are being ignored: /home/prathamkelkar/ros2_ws/install/simple_quadcopter_teleop/share/simple_quadcopter_teleop/package.xml
[1.373s] DEBUG:colcon.colcon_core.event_handler.log_command:Invoking command in '/home/prathamkelkar/ros2_ws/build/simple_quadcopter_teleop': DEBUGINFOD_URLS=https://debuginfod.ubuntu.com PYTHONPATH=/home/prathamkelkar/ros2_ws/build/simple_quadcopter_teleop/prefix_override:/usr/lib/python3/dist-packages/colcon_core/task/python/colcon_distutils_commands:/home/prathamkelkar/ros2_ws/install/simple_quadcopter_teleop/lib/python3.12/site-packages:${PYTHONPATH} /usr/bin/python3 -W ignore:setup.py install is deprecated -W ignore:easy_install command is deprecated setup.py develop --editable --build-directory /home/prathamkelkar/ros2_ws/build/simple_quadcopter_teleop/build --no-deps symlink_data --force
[1.912s] Level 1:colcon.colcon_core.shell:create_environment_hook('simple_quadcopter_teleop', 'pythonpath_develop')
[1.913s] INFO:colcon.colcon_core.shell:Creating environment descriptor '/home/prathamkelkar/ros2_ws/build/simple_quadcopter_teleop/share/simple_quadcopter_teleop/hook/pythonpath_develop.dsv'
[1.913s] DEBUG:colcon.colcon_core.event_handler.log_command:Invoked command in '/home/prathamkelkar/ros2_ws/build/simple_quadcopter_teleop' returned '0': DEBUGINFOD_URLS=https://debuginfod.ubuntu.com PYTHONPATH=/home/prathamkelkar/ros2_ws/build/simple_quadcopter_teleop/prefix_override:/usr/lib/python3/dist-packages/colcon_core/task/python/colcon_distutils_commands:/home/prathamkelkar/ros2_ws/install/simple_quadcopter_teleop/lib/python3.12/site-packages:${PYTHONPATH} /usr/bin/python3 -W ignore:setup.py install is deprecated -W ignore:easy_install command is deprecated setup.py develop --editable --build-directory /home/prathamkelkar/ros2_ws/build/simple_quadcopter_teleop/build --no-deps symlink_data --force
[1.914s] INFO:colcon.colcon_core.shell:Creating environment hook '/home/prathamkelkar/ros2_ws/build/simple_quadcopter_teleop/share/simple_quadcopter_teleop/hook/pythonpath_develop.sh'
[1.918s] Level 1:colcon.colcon_core.environment:checking '/home/prathamkelkar/ros2_ws/install/simple_quadcopter_teleop' for CMake module files
[1.919s] Level 1:colcon.colcon_core.environment:checking '/home/prathamkelkar/ros2_ws/install/simple_quadcopter_teleop' for CMake config files
[1.920s] Level 1:colcon.colcon_core.environment:checking '/home/prathamkelkar/ros2_ws/install/simple_quadcopter_teleop/lib'
[1.920s] Level 1:colcon.colcon_core.environment:checking '/home/prathamkelkar/ros2_ws/install/simple_quadcopter_teleop/bin'
[1.920s] Level 1:colcon.colcon_core.environment:checking '/home/prathamkelkar/ros2_ws/install/simple_quadcopter_teleop/lib/pkgconfig/simple_quadcopter_teleop.pc'
[1.921s] Level 1:colcon.colcon_core.environment:checking '/home/prathamkelkar/ros2_ws/install/simple_quadcopter_teleop/lib/python3.12/site-packages'
[1.921s] Level 1:colcon.colcon_core.shell:create_environment_hook('simple_quadcopter_teleop', 'pythonpath')
[1.921s] INFO:colcon.colcon_core.shell:Creating environment descriptor '/home/prathamkelkar/ros2_ws/install/simple_quadcopter_teleop/share/simple_quadcopter_teleop/hook/pythonpath.dsv'
[1.922s] INFO:colcon.colcon_core.shell:Creating environment hook '/home/prathamkelkar/ros2_ws/install/simple_quadcopter_teleop/share/simple_quadcopter_teleop/hook/pythonpath.sh'
[1.923s] Level 1:colcon.colcon_core.environment:checking '/home/prathamkelkar/ros2_ws/install/simple_quadcopter_teleop/bin'
[1.923s] Level 1:colcon.colcon_core.environment:create_environment_scripts_only(simple_quadcopter_teleop)
[1.923s] INFO:colcon.colcon_core.shell:Creating package descriptor '/home/prathamkelkar/ros2_ws/install/simple_quadcopter_teleop/share/simple_quadcopter_teleop/package.dsv'
[1.924s] INFO:colcon.colcon_core.shell:Creating package script '/home/prathamkelkar/ros2_ws/install/simple_quadcopter_teleop/share/simple_quadcopter_teleop/package.sh'
[1.925s] INFO:colcon.colcon_core.shell:Creating package script '/home/prathamkelkar/ros2_ws/install/simple_quadcopter_teleop/share/simple_quadcopter_teleop/package.bash'
[1.926s] INFO:colcon.colcon_core.shell:Creating package script '/home/prathamkelkar/ros2_ws/install/simple_quadcopter_teleop/share/simple_quadcopter_teleop/package.zsh'
[1.927s] Level 1:colcon.colcon_core.environment:create_file_with_runtime_dependencies(/home/prathamkelkar/ros2_ws/install/simple_quadcopter_teleop/share/colcon-core/packages/simple_quadcopter_teleop)
[7.760s] DEBUG:colcon.colcon_core.event_handler.log_command:Invoked command in '/home/prathamkelkar/ros2_ws/build/px4_msgs' returned '0': CMAKE_PREFIX_PATH=${CMAKE_PREFIX_PATH}:/opt/ros/jazzy DEBUGINFOD_URLS=https://debuginfod.ubuntu.com /usr/bin/cmake /home/prathamkelkar/ros2_ws/src/px4_msgs -DAMENT_CMAKE_SYMLINK_INSTALL=1 -DCMAKE_INSTALL_PREFIX=/home/prathamkelkar/ros2_ws/install/px4_msgs
[7.761s] DEBUG:colcon.colcon_core.event_handler.log_command:Invoking command in '/home/prathamkelkar/ros2_ws/build/px4_msgs': CMAKE_PREFIX_PATH=${CMAKE_PREFIX_PATH}:/opt/ros/jazzy DEBUGINFOD_URLS=https://debuginfod.ubuntu.com /usr/bin/cmake --build /home/prathamkelkar/ros2_ws/build/px4_msgs -- -j16 -l16
[157.880s] DEBUG:colcon.colcon_core.event_handler.log_command:Invoked command in '/home/prathamkelkar/ros2_ws/build/px4_msgs' returned '0': CMAKE_PREFIX_PATH=${CMAKE_PREFIX_PATH}:/opt/ros/jazzy DEBUGINFOD_URLS=https://debuginfod.ubuntu.com /usr/bin/cmake --build /home/prathamkelkar/ros2_ws/build/px4_msgs -- -j16 -l16
[157.903s] DEBUG:colcon.colcon_core.event_handler.log_command:Invoking command in '/home/prathamkelkar/ros2_ws/build/px4_msgs': CMAKE_PREFIX_PATH=${CMAKE_PREFIX_PATH}:/opt/ros/jazzy DEBUGINFOD_URLS=https://debuginfod.ubuntu.com /usr/bin/cmake --install /home/prathamkelkar/ros2_ws/build/px4_msgs
[229.046s] Level 1:colcon.colcon_core.environment:create_environment_scripts_only(px4_msgs)
[229.047s] Level 1:colcon.colcon_core.environment:checking '/home/prathamkelkar/ros2_ws/install/px4_msgs' for CMake module files
[229.048s] DEBUG:colcon.colcon_core.event_handler.log_command:Invoked command in '/home/prathamkelkar/ros2_ws/build/px4_msgs' returned '0': CMAKE_PREFIX_PATH=${CMAKE_PREFIX_PATH}:/opt/ros/jazzy DEBUGINFOD_URLS=https://debuginfod.ubuntu.com /usr/bin/cmake --install /home/prathamkelkar/ros2_ws/build/px4_msgs
[229.050s] Level 1:colcon.colcon_core.environment:checking '/home/prathamkelkar/ros2_ws/install/px4_msgs' for CMake config files
[229.092s] Level 1:colcon.colcon_core.shell:create_environment_hook('px4_msgs', 'cmake_prefix_path')
[229.093s] INFO:colcon.colcon_core.shell:Creating environment descriptor '/home/prathamkelkar/ros2_ws/install/px4_msgs/share/px4_msgs/hook/cmake_prefix_path.dsv'
[229.094s] INFO:colcon.colcon_core.shell:Creating environment hook '/home/prathamkelkar/ros2_ws/install/px4_msgs/share/px4_msgs/hook/cmake_prefix_path.sh'
[229.095s] Level 1:colcon.colcon_core.environment:checking '/home/prathamkelkar/ros2_ws/install/px4_msgs/lib'
[229.095s] Level 1:colcon.colcon_core.shell:create_environment_hook('px4_msgs', 'ld_library_path_lib')
[229.095s] INFO:colcon.colcon_core.shell:Creating environment descriptor '/home/prathamkelkar/ros2_ws/install/px4_msgs/share/px4_msgs/hook/ld_library_path_lib.dsv'
[229.096s] INFO:colcon.colcon_core.shell:Creating environment hook '/home/prathamkelkar/ros2_ws/install/px4_msgs/share/px4_msgs/hook/ld_library_path_lib.sh'
[229.097s] Level 1:colcon.colcon_core.environment:checking '/home/prathamkelkar/ros2_ws/install/px4_msgs/bin'
[229.097s] Level 1:colcon.colcon_core.environment:checking '/home/prathamkelkar/ros2_ws/install/px4_msgs/lib/pkgconfig/px4_msgs.pc'
[229.097s] Level 1:colcon.colcon_core.environment:checking '/home/prathamkelkar/ros2_ws/install/px4_msgs/lib/python3.12/site-packages'
[229.097s] Level 1:colcon.colcon_core.shell:create_environment_hook('px4_msgs', 'pythonpath')
[229.098s] INFO:colcon.colcon_core.shell:Creating environment descriptor '/home/prathamkelkar/ros2_ws/install/px4_msgs/share/px4_msgs/hook/pythonpath.dsv'
[229.098s] INFO:colcon.colcon_core.shell:Creating environment hook '/home/prathamkelkar/ros2_ws/install/px4_msgs/share/px4_msgs/hook/pythonpath.sh'
[229.099s] Level 1:colcon.colcon_core.environment:checking '/home/prathamkelkar/ros2_ws/install/px4_msgs/bin'
[229.100s] INFO:colcon.colcon_core.shell:Creating package descriptor '/home/prathamkelkar/ros2_ws/install/px4_msgs/share/px4_msgs/package.dsv'
[229.101s] INFO:colcon.colcon_core.shell:Creating package script '/home/prathamkelkar/ros2_ws/install/px4_msgs/share/px4_msgs/package.sh'
[229.101s] INFO:colcon.colcon_core.shell:Creating package script '/home/prathamkelkar/ros2_ws/install/px4_msgs/share/px4_msgs/package.bash'
[229.102s] INFO:colcon.colcon_core.shell:Creating package script '/home/prathamkelkar/ros2_ws/install/px4_msgs/share/px4_msgs/package.zsh'
[229.102s] Level 1:colcon.colcon_core.environment:create_file_with_runtime_dependencies(/home/prathamkelkar/ros2_ws/install/px4_msgs/share/colcon-core/packages/px4_msgs)
[229.103s] Level 1:colcon.colcon_core.environment:create_environment_scripts_only(px4_msgs)
[229.103s] Level 1:colcon.colcon_core.environment:checking '/home/prathamkelkar/ros2_ws/install/px4_msgs' for CMake module files
[229.104s] Level 1:colcon.colcon_core.environment:checking '/home/prathamkelkar/ros2_ws/install/px4_msgs' for CMake config files
[229.137s] Level 1:colcon.colcon_core.shell:create_environment_hook('px4_msgs', 'cmake_prefix_path')
[229.137s] INFO:colcon.colcon_core.shell:Creating environment descriptor '/home/prathamkelkar/ros2_ws/install/px4_msgs/share/px4_msgs/hook/cmake_prefix_path.dsv'
[229.138s] INFO:colcon.colcon_core.shell:Creating environment hook '/home/prathamkelkar/ros2_ws/install/px4_msgs/share/px4_msgs/hook/cmake_prefix_path.sh'
[229.139s] Level 1:colcon.colcon_core.environment:checking '/home/prathamkelkar/ros2_ws/install/px4_msgs/lib'
[229.139s] Level 1:colcon.colcon_core.shell:create_environment_hook('px4_msgs', 'ld_library_path_lib')
[229.139s] INFO:colcon.colcon_core.shell:Creating environment descriptor '/home/prathamkelkar/ros2_ws/install/px4_msgs/share/px4_msgs/hook/ld_library_path_lib.dsv'
[229.140s] INFO:colcon.colcon_core.shell:Creating environment hook '/home/prathamkelkar/ros2_ws/install/px4_msgs/share/px4_msgs/hook/ld_library_path_lib.sh'
[229.140s] Level 1:colcon.colcon_core.environment:checking '/home/prathamkelkar/ros2_ws/install/px4_msgs/bin'
[229.140s] Level 1:colcon.colcon_core.environment:checking '/home/prathamkelkar/ros2_ws/install/px4_msgs/lib/pkgconfig/px4_msgs.pc'
[229.141s] Level 1:colcon.colcon_core.environment:checking '/home/prathamkelkar/ros2_ws/install/px4_msgs/lib/python3.12/site-packages'
[229.141s] Level 1:colcon.colcon_core.shell:create_environment_hook('px4_msgs', 'pythonpath')
[229.141s] INFO:colcon.colcon_core.shell:Creating environment descriptor '/home/prathamkelkar/ros2_ws/install/px4_msgs/share/px4_msgs/hook/pythonpath.dsv'
[229.141s] INFO:colcon.colcon_core.shell:Creating environment hook '/home/prathamkelkar/ros2_ws/install/px4_msgs/share/px4_msgs/hook/pythonpath.sh'
[229.142s] Level 1:colcon.colcon_core.environment:checking '/home/prathamkelkar/ros2_ws/install/px4_msgs/bin'
[229.143s] INFO:colcon.colcon_core.shell:Creating package descriptor '/home/prathamkelkar/ros2_ws/install/px4_msgs/share/px4_msgs/package.dsv'
[229.143s] INFO:colcon.colcon_core.shell:Creating package script '/home/prathamkelkar/ros2_ws/install/px4_msgs/share/px4_msgs/package.sh'
[229.144s] INFO:colcon.colcon_core.shell:Creating package script '/home/prathamkelkar/ros2_ws/install/px4_msgs/share/px4_msgs/package.bash'
[229.146s] INFO:colcon.colcon_core.shell:Creating package script '/home/prathamkelkar/ros2_ws/install/px4_msgs/share/px4_msgs/package.zsh'
[229.147s] Level 1:colcon.colcon_core.environment:create_file_with_runtime_dependencies(/home/prathamkelkar/ros2_ws/install/px4_msgs/share/colcon-core/packages/px4_msgs)
[229.147s] DEBUG:colcon.colcon_parallel_executor.executor.parallel:closing loop
[229.147s] DEBUG:colcon.colcon_parallel_executor.executor.parallel:loop closed
[229.147s] DEBUG:colcon.colcon_parallel_executor.executor.parallel:run_until_complete finished with '0'
[229.148s] DEBUG:colcon.colcon_core.event_reactor:joining thread
[229.156s] INFO:colcon.colcon_core.plugin_system:Skipping extension 'colcon_notification.desktop_notification.terminal_notifier': Not used on non-Darwin systems
[229.156s] INFO:colcon.colcon_core.plugin_system:Skipping extension 'colcon_notification.desktop_notification.win32': Not used on non-Windows systems
[229.156s] INFO:colcon.colcon_notification.desktop_notification:Sending desktop notification using 'notify2'
[229.183s] DEBUG:colcon.colcon_core.event_reactor:joined thread
[229.184s] INFO:colcon.colcon_core.shell:Creating prefix script '/home/prathamkelkar/ros2_ws/install/local_setup.sh'
[229.187s] INFO:colcon.colcon_core.shell:Creating prefix util module '/home/prathamkelkar/ros2_ws/install/_local_setup_util_sh.py'
[229.191s] INFO:colcon.colcon_core.shell:Creating prefix chain script '/home/prathamkelkar/ros2_ws/install/setup.sh'
[229.194s] INFO:colcon.colcon_core.shell:Creating prefix script '/home/prathamkelkar/ros2_ws/install/local_setup.bash'
[229.196s] INFO:colcon.colcon_core.shell:Creating prefix chain script '/home/prathamkelkar/ros2_ws/install/setup.bash'
[229.200s] INFO:colcon.colcon_core.shell:Creating prefix script '/home/prathamkelkar/ros2_ws/install/local_setup.zsh'
[229.202s] INFO:colcon.colcon_core.shell:Creating prefix chain script '/home/prathamkelkar/ros2_ws/install/setup.zsh'
