[0.131s] DEBUG:colcon:Command line arguments: ['/usr/bin/colcon', 'build', '--symlink-install']
[0.131s] DEBUG:colcon:Parsed command line arguments: Namespace(log_base=None, log_level=None, verb_name='build', build_base='build', install_base='install', merge_install=False, symlink_install=True, test_result_base=None, continue_on_error=False, executor='parallel', parallel_workers=16, event_handlers=None, ignore_user_meta=False, metas=['./colcon.meta'], base_paths=['.'], packages_ignore=None, packages_ignore_regex=None, paths=None, packages_up_to=None, packages_up_to_regex=None, packages_above=None, packages_above_and_dependencies=None, packages_above_depth=None, packages_select_by_dep=None, packages_skip_by_dep=None, packages_skip_up_to=None, packages_select_build_failed=False, packages_skip_build_finished=False, packages_select_test_failures=False, packages_skip_test_passed=False, packages_select=None, packages_skip=None, packages_select_regex=None, packages_skip_regex=None, packages_start=None, packages_end=None, allow_overriding=[], cmake_args=None, cmake_target=None, cmake_target_skip_unavailable=False, cmake_clean_cache=False, cmake_clean_first=False, cmake_force_configure=False, ament_cmake_args=None, catkin_cmake_args=None, catkin_skip_building_tests=False, mixin_files=None, mixin=None, verb_parser=<colcon_mixin.mixin.mixin_argument.MixinArgumentDecorator object at 0x7cc1a77a2870>, verb_extension=<colcon_core.verb.build.BuildVerb object at 0x7cc1a78bb140>, main=<bound method BuildVerb.main of <colcon_core.verb.build.BuildVerb object at 0x7cc1a78bb140>>, mixin_verb=('build',))
[0.174s] Level 1:colcon.colcon_core.package_discovery:discover_packages(colcon_meta) check parameters
[0.175s] Level 1:colcon.colcon_core.package_discovery:discover_packages(recursive) check parameters
[0.175s] Level 1:colcon.colcon_core.package_discovery:discover_packages(ignore) check parameters
[0.175s] Level 1:colcon.colcon_core.package_discovery:discover_packages(path) check parameters
[0.175s] Level 1:colcon.colcon_core.package_discovery:discover_packages(colcon_meta) discover
[0.175s] Level 1:colcon.colcon_core.package_discovery:discover_packages(recursive) discover
[0.175s] INFO:colcon.colcon_core.package_discovery:Crawling recursively for packages in '/home/prathamkelkar/ros2_ws'
[0.175s] Level 1:colcon.colcon_core.package_identification:_identify(.) by extensions ['ignore', 'ignore_ament_install']
[0.175s] Level 1:colcon.colcon_core.package_identification:_identify(.) by extension 'ignore'
[0.175s] Level 1:colcon.colcon_core.package_identification:_identify(.) by extension 'ignore_ament_install'
[0.175s] Level 1:colcon.colcon_core.package_identification:_identify(.) by extensions ['colcon_pkg']
[0.175s] Level 1:colcon.colcon_core.package_identification:_identify(.) by extension 'colcon_pkg'
[0.175s] Level 1:colcon.colcon_core.package_identification:_identify(.) by extensions ['colcon_meta']
[0.176s] Level 1:colcon.colcon_core.package_identification:_identify(.) by extension 'colcon_meta'
[0.176s] Level 1:colcon.colcon_core.package_identification:_identify(.) by extensions ['ros']
[0.176s] Level 1:colcon.colcon_core.package_identification:_identify(.) by extension 'ros'
[0.205s] Level 1:colcon.colcon_core.package_identification:_identify(.) by extensions ['cmake', 'python']
[0.205s] Level 1:colcon.colcon_core.package_identification:_identify(.) by extension 'cmake'
[0.205s] Level 1:colcon.colcon_core.package_identification:_identify(.) by extension 'python'
[0.205s] Level 1:colcon.colcon_core.package_identification:_identify(.) by extensions ['python_setup_py']
[0.205s] Level 1:colcon.colcon_core.package_identification:_identify(.) by extension 'python_setup_py'
[0.205s] Level 1:colcon.colcon_core.package_identification:_identify(build) by extensions ['ignore', 'ignore_ament_install']
[0.205s] Level 1:colcon.colcon_core.package_identification:_identify(build) by extension 'ignore'
[0.205s] Level 1:colcon.colcon_core.package_identification:_identify(build) ignored
[0.205s] Level 1:colcon.colcon_core.package_identification:_identify(install) by extensions ['ignore', 'ignore_ament_install']
[0.206s] Level 1:colcon.colcon_core.package_identification:_identify(install) by extension 'ignore'
[0.206s] Level 1:colcon.colcon_core.package_identification:_identify(install) ignored
[0.206s] Level 1:colcon.colcon_core.package_identification:_identify(log) by extensions ['ignore', 'ignore_ament_install']
[0.206s] Level 1:colcon.colcon_core.package_identification:_identify(log) by extension 'ignore'
[0.206s] Level 1:colcon.colcon_core.package_identification:_identify(log) ignored
[0.206s] Level 1:colcon.colcon_core.package_identification:_identify(src) by extensions ['ignore', 'ignore_ament_install']
[0.206s] Level 1:colcon.colcon_core.package_identification:_identify(src) by extension 'ignore'
[0.206s] Level 1:colcon.colcon_core.package_identification:_identify(src) by extension 'ignore_ament_install'
[0.206s] Level 1:colcon.colcon_core.package_identification:_identify(src) by extensions ['colcon_pkg']
[0.206s] Level 1:colcon.colcon_core.package_identification:_identify(src) by extension 'colcon_pkg'
[0.206s] Level 1:colcon.colcon_core.package_identification:_identify(src) by extensions ['colcon_meta']
[0.206s] Level 1:colcon.colcon_core.package_identification:_identify(src) by extension 'colcon_meta'
[0.206s] Level 1:colcon.colcon_core.package_identification:_identify(src) by extensions ['ros']
[0.206s] Level 1:colcon.colcon_core.package_identification:_identify(src) by extension 'ros'
[0.206s] Level 1:colcon.colcon_core.package_identification:_identify(src) by extensions ['cmake', 'python']
[0.206s] Level 1:colcon.colcon_core.package_identification:_identify(src) by extension 'cmake'
[0.206s] Level 1:colcon.colcon_core.package_identification:_identify(src) by extension 'python'
[0.206s] Level 1:colcon.colcon_core.package_identification:_identify(src) by extensions ['python_setup_py']
[0.206s] Level 1:colcon.colcon_core.package_identification:_identify(src) by extension 'python_setup_py'
[0.207s] Level 1:colcon.colcon_core.package_identification:_identify(src/px4_msgs) by extensions ['ignore', 'ignore_ament_install']
[0.207s] Level 1:colcon.colcon_core.package_identification:_identify(src/px4_msgs) by extension 'ignore'
[0.207s] Level 1:colcon.colcon_core.package_identification:_identify(src/px4_msgs) by extension 'ignore_ament_install'
[0.207s] Level 1:colcon.colcon_core.package_identification:_identify(src/px4_msgs) by extensions ['colcon_pkg']
[0.207s] Level 1:colcon.colcon_core.package_identification:_identify(src/px4_msgs) by extension 'colcon_pkg'
[0.207s] Level 1:colcon.colcon_core.package_identification:_identify(src/px4_msgs) by extensions ['colcon_meta']
[0.207s] Level 1:colcon.colcon_core.package_identification:_identify(src/px4_msgs) by extension 'colcon_meta'
[0.207s] Level 1:colcon.colcon_core.package_identification:_identify(src/px4_msgs) by extensions ['ros']
[0.207s] Level 1:colcon.colcon_core.package_identification:_identify(src/px4_msgs) by extension 'ros'
[0.210s] DEBUG:colcon.colcon_core.package_identification:Package 'src/px4_msgs' with type 'ros.ament_cmake' and name 'px4_msgs'
[0.210s] Level 1:colcon.colcon_core.package_identification:_identify(src/simple_quadcopter_teleop) by extensions ['ignore', 'ignore_ament_install']
[0.210s] Level 1:colcon.colcon_core.package_identification:_identify(src/simple_quadcopter_teleop) by extension 'ignore'
[0.210s] Level 1:colcon.colcon_core.package_identification:_identify(src/simple_quadcopter_teleop) by extension 'ignore_ament_install'
[0.210s] Level 1:colcon.colcon_core.package_identification:_identify(src/simple_quadcopter_teleop) by extensions ['colcon_pkg']
[0.210s] Level 1:colcon.colcon_core.package_identification:_identify(src/simple_quadcopter_teleop) by extension 'colcon_pkg'
[0.210s] Level 1:colcon.colcon_core.package_identification:_identify(src/simple_quadcopter_teleop) by extensions ['colcon_meta']
[0.210s] Level 1:colcon.colcon_core.package_identification:_identify(src/simple_quadcopter_teleop) by extension 'colcon_meta'
[0.210s] Level 1:colcon.colcon_core.package_identification:_identify(src/simple_quadcopter_teleop) by extensions ['ros']
[0.210s] Level 1:colcon.colcon_core.package_identification:_identify(src/simple_quadcopter_teleop) by extension 'ros'
[0.211s] DEBUG:colcon.colcon_core.package_identification:Package 'src/simple_quadcopter_teleop' with type 'ros.ament_python' and name 'simple_quadcopter_teleop'
[0.211s] Level 1:colcon.colcon_core.package_discovery:discover_packages(recursive) using defaults
[0.211s] Level 1:colcon.colcon_core.package_discovery:discover_packages(ignore) discover
[0.211s] Level 1:colcon.colcon_core.package_discovery:discover_packages(ignore) using defaults
[0.211s] Level 1:colcon.colcon_core.package_discovery:discover_packages(path) discover
[0.211s] Level 1:colcon.colcon_core.package_discovery:discover_packages(path) using defaults
[0.232s] Level 1:colcon.colcon_core.package_discovery:discover_packages(prefix_path) check parameters
[0.232s] Level 1:colcon.colcon_core.package_discovery:discover_packages(prefix_path) discover
[0.236s] DEBUG:colcon.colcon_installed_package_information.package_discovery:Found 477 installed packages in /opt/ros/jazzy
[0.238s] Level 1:colcon.colcon_core.package_discovery:discover_packages(prefix_path) using defaults
[0.295s] Level 5:colcon.colcon_core.verb:set package 'px4_msgs' build argument 'cmake_args' from command line to 'None'
[0.295s] Level 5:colcon.colcon_core.verb:set package 'px4_msgs' build argument 'cmake_target' from command line to 'None'
[0.295s] Level 5:colcon.colcon_core.verb:set package 'px4_msgs' build argument 'cmake_target_skip_unavailable' from command line to 'False'
[0.295s] Level 5:colcon.colcon_core.verb:set package 'px4_msgs' build argument 'cmake_clean_cache' from command line to 'False'
[0.295s] Level 5:colcon.colcon_core.verb:set package 'px4_msgs' build argument 'cmake_clean_first' from command line to 'False'
[0.295s] Level 5:colcon.colcon_core.verb:set package 'px4_msgs' build argument 'cmake_force_configure' from command line to 'False'
[0.295s] Level 5:colcon.colcon_core.verb:set package 'px4_msgs' build argument 'ament_cmake_args' from command line to 'None'
[0.295s] Level 5:colcon.colcon_core.verb:set package 'px4_msgs' build argument 'catkin_cmake_args' from command line to 'None'
[0.295s] Level 5:colcon.colcon_core.verb:set package 'px4_msgs' build argument 'catkin_skip_building_tests' from command line to 'False'
[0.295s] DEBUG:colcon.colcon_core.verb:Building package 'px4_msgs' with the following arguments: {'ament_cmake_args': None, 'build_base': '/home/prathamkelkar/ros2_ws/build/px4_msgs', 'catkin_cmake_args': None, 'catkin_skip_building_tests': False, 'cmake_args': None, 'cmake_clean_cache': False, 'cmake_clean_first': False, 'cmake_force_configure': False, 'cmake_target': None, 'cmake_target_skip_unavailable': False, 'install_base': '/home/prathamkelkar/ros2_ws/install/px4_msgs', 'merge_install': False, 'path': '/home/prathamkelkar/ros2_ws/src/px4_msgs', 'symlink_install': True, 'test_result_base': None}
[0.295s] Level 5:colcon.colcon_core.verb:set package 'simple_quadcopter_teleop' build argument 'cmake_args' from command line to 'None'
[0.295s] Level 5:colcon.colcon_core.verb:set package 'simple_quadcopter_teleop' build argument 'cmake_target' from command line to 'None'
[0.295s] Level 5:colcon.colcon_core.verb:set package 'simple_quadcopter_teleop' build argument 'cmake_target_skip_unavailable' from command line to 'False'
[0.295s] Level 5:colcon.colcon_core.verb:set package 'simple_quadcopter_teleop' build argument 'cmake_clean_cache' from command line to 'False'
[0.295s] Level 5:colcon.colcon_core.verb:set package 'simple_quadcopter_teleop' build argument 'cmake_clean_first' from command line to 'False'
[0.295s] Level 5:colcon.colcon_core.verb:set package 'simple_quadcopter_teleop' build argument 'cmake_force_configure' from command line to 'False'
[0.295s] Level 5:colcon.colcon_core.verb:set package 'simple_quadcopter_teleop' build argument 'ament_cmake_args' from command line to 'None'
[0.295s] Level 5:colcon.colcon_core.verb:set package 'simple_quadcopter_teleop' build argument 'catkin_cmake_args' from command line to 'None'
[0.295s] Level 5:colcon.colcon_core.verb:set package 'simple_quadcopter_teleop' build argument 'catkin_skip_building_tests' from command line to 'False'
[0.295s] DEBUG:colcon.colcon_core.verb:Building package 'simple_quadcopter_teleop' with the following arguments: {'ament_cmake_args': None, 'build_base': '/home/prathamkelkar/ros2_ws/build/simple_quadcopter_teleop', 'catkin_cmake_args': None, 'catkin_skip_building_tests': False, 'cmake_args': None, 'cmake_clean_cache': False, 'cmake_clean_first': False, 'cmake_force_configure': False, 'cmake_target': None, 'cmake_target_skip_unavailable': False, 'install_base': '/home/prathamkelkar/ros2_ws/install/simple_quadcopter_teleop', 'merge_install': False, 'path': '/home/prathamkelkar/ros2_ws/src/simple_quadcopter_teleop', 'symlink_install': True, 'test_result_base': None}
[0.296s] INFO:colcon.colcon_core.executor:Executing jobs using 'parallel' executor
[0.297s] DEBUG:colcon.colcon_parallel_executor.executor.parallel:run_until_complete
[0.297s] INFO:colcon.colcon_ros.task.ament_cmake.build:Building ROS package in '/home/prathamkelkar/ros2_ws/src/px4_msgs' with build type 'ament_cmake'
[0.298s] INFO:colcon.colcon_cmake.task.cmake.build:Building CMake package in '/home/prathamkelkar/ros2_ws/src/px4_msgs'
[0.300s] INFO:colcon.colcon_core.plugin_system:Skipping extension 'colcon_core.shell.bat': Not used on non-Windows systems
[0.301s] INFO:colcon.colcon_core.shell:Skip shell extension 'powershell' for command environment: Not usable outside of PowerShell
[0.301s] DEBUG:colcon.colcon_core.shell:Skip shell extension 'dsv' for command environment
[0.308s] INFO:colcon.colcon_ros.task.ament_python.build:Building ROS package in '/home/prathamkelkar/ros2_ws/src/simple_quadcopter_teleop' with build type 'ament_python'
[0.308s] Level 1:colcon.colcon_core.shell:create_environment_hook('simple_quadcopter_teleop', 'ament_prefix_path')
[0.308s] INFO:colcon.colcon_core.shell:Creating environment hook '/home/prathamkelkar/ros2_ws/install/simple_quadcopter_teleop/share/simple_quadcopter_teleop/hook/ament_prefix_path.ps1'
[0.310s] INFO:colcon.colcon_core.shell:Creating environment descriptor '/home/prathamkelkar/ros2_ws/install/simple_quadcopter_teleop/share/simple_quadcopter_teleop/hook/ament_prefix_path.dsv'
[0.311s] INFO:colcon.colcon_core.shell:Creating environment hook '/home/prathamkelkar/ros2_ws/install/simple_quadcopter_teleop/share/simple_quadcopter_teleop/hook/ament_prefix_path.sh'
[0.312s] INFO:colcon.colcon_core.shell:Skip shell extension 'powershell' for command environment: Not usable outside of PowerShell
[0.312s] DEBUG:colcon.colcon_core.shell:Skip shell extension 'dsv' for command environment
[0.331s] DEBUG:colcon.colcon_core.event_handler.log_command:Invoking command in '/home/prathamkelkar/ros2_ws/build/px4_msgs': CMAKE_PREFIX_PATH=${CMAKE_PREFIX_PATH}:/opt/ros/jazzy DEBUGINFOD_URLS=https://debuginfod.ubuntu.com /usr/bin/cmake --build /home/prathamkelkar/ros2_ws/build/px4_msgs -- -j16 -l16
[0.621s] INFO:colcon.colcon_core.task.python.build:Building Python package in '/home/prathamkelkar/ros2_ws/src/simple_quadcopter_teleop'
[0.621s] INFO:colcon.colcon_core.shell:Skip shell extension 'powershell' for command environment: Not usable outside of PowerShell
[0.621s] DEBUG:colcon.colcon_core.shell:Skip shell extension 'dsv' for command environment
[1.336s] DEBUG:colcon.colcon_core.task.python.build:Available setuptools commands: clean, build, symlink_data, egg_info, init_catalog, dist_info, update_catalog, install_lib, build_clib, build_scripts, sdist, build_py, install_data, install_scripts, install_egg_info, register, saveopts, alias, test, rotate, setopt, bdist_rpm, extract_messages, build_ext, develop, editable_wheel, easy_install, compile_catalog, bdist_wheel, bdist_dumb, check, upload, install_headers, install, upload_docs, bdist_egg, bdist
[1.761s] DEBUG:colcon.colcon_core.task.python.build:Available setuptools 'develop' options: --multi-version, --record, --help, --force-installation-into-system-dir, --prefix, --version, --editable, --exclude-scripts, --always-unzip, --egg-path, --install-layout, --local-snapshots-ok, --no-user-cfg, --build-directory, --upgrade, --verbose, --no-deps, --allow-hosts, --site-dirs, --user, --zip-ok, --no-find-links, --install-dir, --optimize, --index-url, --always-copy, --find-links, --quiet, --dry-run, --uninstall, --script-dir
[1.763s] DEBUG:colcon.colcon_core.event_handler.log_command:Invoking command in '/home/prathamkelkar/ros2_ws/build/simple_quadcopter_teleop': DEBUGINFOD_URLS=https://debuginfod.ubuntu.com PYTHONPATH=/home/prathamkelkar/ros2_ws/build/simple_quadcopter_teleop/prefix_override:/usr/lib/python3/dist-packages/colcon_core/task/python/colcon_distutils_commands:/home/prathamkelkar/ros2_ws/install/simple_quadcopter_teleop/lib/python3.12/site-packages:${PYTHONPATH} /usr/bin/python3 -W ignore:setup.py install is deprecated -W ignore:easy_install command is deprecated setup.py develop --editable --build-directory /home/prathamkelkar/ros2_ws/build/simple_quadcopter_teleop/build --no-deps symlink_data
[2.302s] DEBUG:colcon.colcon_core.event_handler.log_command:Invoked command in '/home/prathamkelkar/ros2_ws/build/px4_msgs' returned '0': CMAKE_PREFIX_PATH=${CMAKE_PREFIX_PATH}:/opt/ros/jazzy DEBUGINFOD_URLS=https://debuginfod.ubuntu.com /usr/bin/cmake --build /home/prathamkelkar/ros2_ws/build/px4_msgs -- -j16 -l16
[2.327s] DEBUG:colcon.colcon_core.event_handler.log_command:Invoking command in '/home/prathamkelkar/ros2_ws/build/px4_msgs': CMAKE_PREFIX_PATH=${CMAKE_PREFIX_PATH}:/opt/ros/jazzy DEBUGINFOD_URLS=https://debuginfod.ubuntu.com /usr/bin/cmake --install /home/prathamkelkar/ros2_ws/build/px4_msgs
[2.507s] Level 1:colcon.colcon_core.shell:create_environment_hook('simple_quadcopter_teleop', 'pythonpath_develop')
[2.507s] INFO:colcon.colcon_core.shell:Creating environment hook '/home/prathamkelkar/ros2_ws/build/simple_quadcopter_teleop/share/simple_quadcopter_teleop/hook/pythonpath_develop.ps1'
[2.510s] INFO:colcon.colcon_core.shell:Creating environment descriptor '/home/prathamkelkar/ros2_ws/build/simple_quadcopter_teleop/share/simple_quadcopter_teleop/hook/pythonpath_develop.dsv'
[2.511s] INFO:colcon.colcon_core.shell:Creating environment hook '/home/prathamkelkar/ros2_ws/build/simple_quadcopter_teleop/share/simple_quadcopter_teleop/hook/pythonpath_develop.sh'
[2.539s] Level 1:colcon.colcon_core.environment:checking '/home/prathamkelkar/ros2_ws/install/simple_quadcopter_teleop' for CMake module files
[2.543s] Level 1:colcon.colcon_core.environment:checking '/home/prathamkelkar/ros2_ws/install/simple_quadcopter_teleop' for CMake config files
[2.548s] Level 1:colcon.colcon_core.environment:checking '/home/prathamkelkar/ros2_ws/install/simple_quadcopter_teleop/lib'
[2.550s] Level 1:colcon.colcon_core.environment:checking '/home/prathamkelkar/ros2_ws/install/simple_quadcopter_teleop/bin'
[2.551s] Level 1:colcon.colcon_core.environment:checking '/home/prathamkelkar/ros2_ws/install/simple_quadcopter_teleop/lib/pkgconfig/simple_quadcopter_teleop.pc'
[2.552s] Level 1:colcon.colcon_core.environment:checking '/home/prathamkelkar/ros2_ws/install/simple_quadcopter_teleop/lib/python3.12/site-packages'
[2.553s] Level 1:colcon.colcon_core.shell:create_environment_hook('simple_quadcopter_teleop', 'pythonpath')
[2.553s] INFO:colcon.colcon_core.shell:Creating environment hook '/home/prathamkelkar/ros2_ws/install/simple_quadcopter_teleop/share/simple_quadcopter_teleop/hook/pythonpath.ps1'
[2.555s] INFO:colcon.colcon_core.shell:Creating environment descriptor '/home/prathamkelkar/ros2_ws/install/simple_quadcopter_teleop/share/simple_quadcopter_teleop/hook/pythonpath.dsv'
[2.558s] INFO:colcon.colcon_core.shell:Creating environment hook '/home/prathamkelkar/ros2_ws/install/simple_quadcopter_teleop/share/simple_quadcopter_teleop/hook/pythonpath.sh'
[2.564s] Level 1:colcon.colcon_core.environment:checking '/home/prathamkelkar/ros2_ws/install/simple_quadcopter_teleop/bin'
[2.564s] Level 1:colcon.colcon_core.environment:create_environment_scripts_only(simple_quadcopter_teleop)
[2.565s] INFO:colcon.colcon_core.shell:Creating package script '/home/prathamkelkar/ros2_ws/install/simple_quadcopter_teleop/share/simple_quadcopter_teleop/package.ps1'
[2.570s] INFO:colcon.colcon_core.shell:Creating package descriptor '/home/prathamkelkar/ros2_ws/install/simple_quadcopter_teleop/share/simple_quadcopter_teleop/package.dsv'
[2.576s] INFO:colcon.colcon_core.shell:Creating package script '/home/prathamkelkar/ros2_ws/install/simple_quadcopter_teleop/share/simple_quadcopter_teleop/package.sh'
[2.577s] INFO:colcon.colcon_core.shell:Creating package script '/home/prathamkelkar/ros2_ws/install/simple_quadcopter_teleop/share/simple_quadcopter_teleop/package.bash'
[2.581s] INFO:colcon.colcon_core.shell:Creating package script '/home/prathamkelkar/ros2_ws/install/simple_quadcopter_teleop/share/simple_quadcopter_teleop/package.zsh'
[2.582s] Level 1:colcon.colcon_core.environment:create_file_with_runtime_dependencies(/home/prathamkelkar/ros2_ws/install/simple_quadcopter_teleop/share/colcon-core/packages/simple_quadcopter_teleop)
[2.617s] DEBUG:colcon.colcon_core.event_handler.log_command:Invoked command in '/home/prathamkelkar/ros2_ws/build/simple_quadcopter_teleop' returned '0': DEBUGINFOD_URLS=https://debuginfod.ubuntu.com PYTHONPATH=/home/prathamkelkar/ros2_ws/build/simple_quadcopter_teleop/prefix_override:/usr/lib/python3/dist-packages/colcon_core/task/python/colcon_distutils_commands:/home/prathamkelkar/ros2_ws/install/simple_quadcopter_teleop/lib/python3.12/site-packages:${PYTHONPATH} /usr/bin/python3 -W ignore:setup.py install is deprecated -W ignore:easy_install command is deprecated setup.py develop --editable --build-directory /home/prathamkelkar/ros2_ws/build/simple_quadcopter_teleop/build --no-deps symlink_data
[2.929s] Level 1:colcon.colcon_core.environment:create_environment_scripts_only(px4_msgs)
[2.930s] Level 1:colcon.colcon_core.environment:checking '/home/prathamkelkar/ros2_ws/install/px4_msgs' for CMake module files
[2.937s] Level 1:colcon.colcon_core.environment:checking '/home/prathamkelkar/ros2_ws/install/px4_msgs' for CMake config files
[3.034s] DEBUG:colcon.colcon_core.event_handler.log_command:Invoked command in '/home/prathamkelkar/ros2_ws/build/px4_msgs' returned '0': CMAKE_PREFIX_PATH=${CMAKE_PREFIX_PATH}:/opt/ros/jazzy DEBUGINFOD_URLS=https://debuginfod.ubuntu.com /usr/bin/cmake --install /home/prathamkelkar/ros2_ws/build/px4_msgs
[3.050s] Level 1:colcon.colcon_core.shell:create_environment_hook('px4_msgs', 'cmake_prefix_path')
[3.050s] INFO:colcon.colcon_core.shell:Creating environment hook '/home/prathamkelkar/ros2_ws/install/px4_msgs/share/px4_msgs/hook/cmake_prefix_path.ps1'
[3.052s] INFO:colcon.colcon_core.shell:Creating environment descriptor '/home/prathamkelkar/ros2_ws/install/px4_msgs/share/px4_msgs/hook/cmake_prefix_path.dsv'
[3.053s] INFO:colcon.colcon_core.shell:Creating environment hook '/home/prathamkelkar/ros2_ws/install/px4_msgs/share/px4_msgs/hook/cmake_prefix_path.sh'
[3.053s] Level 1:colcon.colcon_core.environment:checking '/home/prathamkelkar/ros2_ws/install/px4_msgs/lib'
[3.054s] Level 1:colcon.colcon_core.shell:create_environment_hook('px4_msgs', 'ld_library_path_lib')
[3.054s] INFO:colcon.colcon_core.shell:Creating environment hook '/home/prathamkelkar/ros2_ws/install/px4_msgs/share/px4_msgs/hook/ld_library_path_lib.ps1'
[3.055s] INFO:colcon.colcon_core.shell:Creating environment descriptor '/home/prathamkelkar/ros2_ws/install/px4_msgs/share/px4_msgs/hook/ld_library_path_lib.dsv'
[3.055s] INFO:colcon.colcon_core.shell:Creating environment hook '/home/prathamkelkar/ros2_ws/install/px4_msgs/share/px4_msgs/hook/ld_library_path_lib.sh'
[3.055s] Level 1:colcon.colcon_core.environment:checking '/home/prathamkelkar/ros2_ws/install/px4_msgs/bin'
[3.056s] Level 1:colcon.colcon_core.environment:checking '/home/prathamkelkar/ros2_ws/install/px4_msgs/lib/pkgconfig/px4_msgs.pc'
[3.056s] Level 1:colcon.colcon_core.environment:checking '/home/prathamkelkar/ros2_ws/install/px4_msgs/lib/python3.12/site-packages'
[3.056s] Level 1:colcon.colcon_core.shell:create_environment_hook('px4_msgs', 'pythonpath')
[3.056s] INFO:colcon.colcon_core.shell:Creating environment hook '/home/prathamkelkar/ros2_ws/install/px4_msgs/share/px4_msgs/hook/pythonpath.ps1'
[3.057s] INFO:colcon.colcon_core.shell:Creating environment descriptor '/home/prathamkelkar/ros2_ws/install/px4_msgs/share/px4_msgs/hook/pythonpath.dsv'
[3.057s] INFO:colcon.colcon_core.shell:Creating environment hook '/home/prathamkelkar/ros2_ws/install/px4_msgs/share/px4_msgs/hook/pythonpath.sh'
[3.058s] Level 1:colcon.colcon_core.environment:checking '/home/prathamkelkar/ros2_ws/install/px4_msgs/bin'
[3.058s] INFO:colcon.colcon_core.shell:Creating package script '/home/prathamkelkar/ros2_ws/install/px4_msgs/share/px4_msgs/package.ps1'
[3.059s] INFO:colcon.colcon_core.shell:Creating package descriptor '/home/prathamkelkar/ros2_ws/install/px4_msgs/share/px4_msgs/package.dsv'
[3.060s] INFO:colcon.colcon_core.shell:Creating package script '/home/prathamkelkar/ros2_ws/install/px4_msgs/share/px4_msgs/package.sh'
[3.060s] INFO:colcon.colcon_core.shell:Creating package script '/home/prathamkelkar/ros2_ws/install/px4_msgs/share/px4_msgs/package.bash'
[3.061s] INFO:colcon.colcon_core.shell:Creating package script '/home/prathamkelkar/ros2_ws/install/px4_msgs/share/px4_msgs/package.zsh'
[3.061s] Level 1:colcon.colcon_core.environment:create_file_with_runtime_dependencies(/home/prathamkelkar/ros2_ws/install/px4_msgs/share/colcon-core/packages/px4_msgs)
[3.062s] Level 1:colcon.colcon_core.environment:create_environment_scripts_only(px4_msgs)
[3.062s] Level 1:colcon.colcon_core.environment:checking '/home/prathamkelkar/ros2_ws/install/px4_msgs' for CMake module files
[3.063s] Level 1:colcon.colcon_core.environment:checking '/home/prathamkelkar/ros2_ws/install/px4_msgs' for CMake config files
[3.083s] Level 1:colcon.colcon_core.shell:create_environment_hook('px4_msgs', 'cmake_prefix_path')
[3.083s] INFO:colcon.colcon_core.shell:Creating environment hook '/home/prathamkelkar/ros2_ws/install/px4_msgs/share/px4_msgs/hook/cmake_prefix_path.ps1'
[3.084s] INFO:colcon.colcon_core.shell:Creating environment descriptor '/home/prathamkelkar/ros2_ws/install/px4_msgs/share/px4_msgs/hook/cmake_prefix_path.dsv'
[3.084s] INFO:colcon.colcon_core.shell:Creating environment hook '/home/prathamkelkar/ros2_ws/install/px4_msgs/share/px4_msgs/hook/cmake_prefix_path.sh'
[3.085s] Level 1:colcon.colcon_core.environment:checking '/home/prathamkelkar/ros2_ws/install/px4_msgs/lib'
[3.085s] Level 1:colcon.colcon_core.shell:create_environment_hook('px4_msgs', 'ld_library_path_lib')
[3.085s] INFO:colcon.colcon_core.shell:Creating environment hook '/home/prathamkelkar/ros2_ws/install/px4_msgs/share/px4_msgs/hook/ld_library_path_lib.ps1'
[3.086s] INFO:colcon.colcon_core.shell:Creating environment descriptor '/home/prathamkelkar/ros2_ws/install/px4_msgs/share/px4_msgs/hook/ld_library_path_lib.dsv'
[3.086s] INFO:colcon.colcon_core.shell:Creating environment hook '/home/prathamkelkar/ros2_ws/install/px4_msgs/share/px4_msgs/hook/ld_library_path_lib.sh'
[3.086s] Level 1:colcon.colcon_core.environment:checking '/home/prathamkelkar/ros2_ws/install/px4_msgs/bin'
[3.086s] Level 1:colcon.colcon_core.environment:checking '/home/prathamkelkar/ros2_ws/install/px4_msgs/lib/pkgconfig/px4_msgs.pc'
[3.086s] Level 1:colcon.colcon_core.environment:checking '/home/prathamkelkar/ros2_ws/install/px4_msgs/lib/python3.12/site-packages'
[3.087s] Level 1:colcon.colcon_core.shell:create_environment_hook('px4_msgs', 'pythonpath')
[3.087s] INFO:colcon.colcon_core.shell:Creating environment hook '/home/prathamkelkar/ros2_ws/install/px4_msgs/share/px4_msgs/hook/pythonpath.ps1'
[3.087s] INFO:colcon.colcon_core.shell:Creating environment descriptor '/home/prathamkelkar/ros2_ws/install/px4_msgs/share/px4_msgs/hook/pythonpath.dsv'
[3.087s] INFO:colcon.colcon_core.shell:Creating environment hook '/home/prathamkelkar/ros2_ws/install/px4_msgs/share/px4_msgs/hook/pythonpath.sh'
[3.088s] Level 1:colcon.colcon_core.environment:checking '/home/prathamkelkar/ros2_ws/install/px4_msgs/bin'
[3.088s] INFO:colcon.colcon_core.shell:Creating package script '/home/prathamkelkar/ros2_ws/install/px4_msgs/share/px4_msgs/package.ps1'
[3.089s] INFO:colcon.colcon_core.shell:Creating package descriptor '/home/prathamkelkar/ros2_ws/install/px4_msgs/share/px4_msgs/package.dsv'
[3.089s] INFO:colcon.colcon_core.shell:Creating package script '/home/prathamkelkar/ros2_ws/install/px4_msgs/share/px4_msgs/package.sh'
[3.090s] INFO:colcon.colcon_core.shell:Creating package script '/home/prathamkelkar/ros2_ws/install/px4_msgs/share/px4_msgs/package.bash'
[3.090s] INFO:colcon.colcon_core.shell:Creating package script '/home/prathamkelkar/ros2_ws/install/px4_msgs/share/px4_msgs/package.zsh'
[3.090s] Level 1:colcon.colcon_core.environment:create_file_with_runtime_dependencies(/home/prathamkelkar/ros2_ws/install/px4_msgs/share/colcon-core/packages/px4_msgs)
[3.090s] DEBUG:colcon.colcon_parallel_executor.executor.parallel:closing loop
[3.091s] DEBUG:colcon.colcon_parallel_executor.executor.parallel:loop closed
[3.091s] DEBUG:colcon.colcon_parallel_executor.executor.parallel:run_until_complete finished with '0'
[3.091s] DEBUG:colcon.colcon_core.event_reactor:joining thread
[3.098s] INFO:colcon.colcon_core.plugin_system:Skipping extension 'colcon_notification.desktop_notification.terminal_notifier': Not used on non-Darwin systems
[3.099s] INFO:colcon.colcon_core.plugin_system:Skipping extension 'colcon_notification.desktop_notification.win32': Not used on non-Windows systems
[3.099s] INFO:colcon.colcon_notification.desktop_notification:Sending desktop notification using 'notify2'
[3.127s] DEBUG:colcon.colcon_core.event_reactor:joined thread
[3.128s] INFO:colcon.colcon_core.shell:Creating prefix script '/home/prathamkelkar/ros2_ws/install/local_setup.ps1'
[3.129s] INFO:colcon.colcon_core.shell:Creating prefix util module '/home/prathamkelkar/ros2_ws/install/_local_setup_util_ps1.py'
[3.130s] INFO:colcon.colcon_core.shell:Creating prefix chain script '/home/prathamkelkar/ros2_ws/install/setup.ps1'
[3.132s] INFO:colcon.colcon_core.shell:Creating prefix script '/home/prathamkelkar/ros2_ws/install/local_setup.sh'
[3.132s] INFO:colcon.colcon_core.shell:Creating prefix util module '/home/prathamkelkar/ros2_ws/install/_local_setup_util_sh.py'
[3.133s] INFO:colcon.colcon_core.shell:Creating prefix chain script '/home/prathamkelkar/ros2_ws/install/setup.sh'
[3.134s] INFO:colcon.colcon_core.shell:Creating prefix script '/home/prathamkelkar/ros2_ws/install/local_setup.bash'
[3.135s] INFO:colcon.colcon_core.shell:Creating prefix chain script '/home/prathamkelkar/ros2_ws/install/setup.bash'
[3.136s] INFO:colcon.colcon_core.shell:Creating prefix script '/home/prathamkelkar/ros2_ws/install/local_setup.zsh'
[3.136s] INFO:colcon.colcon_core.shell:Creating prefix chain script '/home/prathamkelkar/ros2_ws/install/setup.zsh'
