[  0%] Built target px4_msgs__rs
[  0%] Built target px4_msgs__rosidl_generator_type_description
[  0%] Built target ament_cmake_python_symlink_px4_msgs
[  0%] Built target px4_msgs__cpp
Traceback (most recent call last):
  File "/home/prathamkelkar/ros2_ws/build/px4_msgs/ament_cmake_python/px4_msgs/setup.py", line 1, in <module>
    from setuptools import find_packages
  File "/home/prathamkelkar/.local/lib/python3.12/site-packages/setuptools/__init__.py", line 16, in <module>
    import setuptools.version
  File "/home/prathamkelkar/.local/lib/python3.12/site-packages/setuptools/version.py", line 1, in <module>
    import pkg_resources
  File "/home/prathamkelkar/.local/lib/python3.12/site-packages/pkg_resources/__init__.py", line 2191, in <module>
    register_finder(pkgutil.ImpImporter, find_on_path)
                    ^^^^^^^^^^^^^^^^^^^
AttributeError: module 'pkgutil' has no attribute 'ImpImporter'. Did you mean: 'zipimporter'?
gmake[2]: *** [CMakeFiles/ament_cmake_python_build_px4_msgs_egg.dir/build.make:70: CMakeFiles/ament_cmake_python_build_px4_msgs_egg] Error 1
gmake[1]: *** [CMakeFiles/Makefile2:497: CMakeFiles/ament_cmake_python_build_px4_msgs_egg.dir/all] Error 2
gmake[1]: *** Waiting for unfinished jobs....
[ 29%] Built target px4_msgs__rosidl_generator_c
gmake: *** [Makefile:146: all] Error 2
