[0.017s] Invoking command in '/home/prathamkelkar/ros2_ws/build/px4_msgs': CMAKE_PREFIX_PATH=${CMAKE_PREFIX_PATH}:/opt/ros/jazzy DEBUGINFOD_URLS=https://debuginfod.ubuntu.com /usr/bin/cmake --build /home/prathamkelkar/ros2_ws/build/px4_msgs -- -j16 -l16
[0.491s] [  0%] Built target px4_msgs__rs
[0.503s] [  0%] Built target px4_msgs__rosidl_generator_type_description
[0.507s] [  0%] Built target ament_cmake_python_symlink_px4_msgs
[0.550s] [  0%] Built target px4_msgs__cpp
[0.629s] Traceback (most recent call last):
[0.629s]   File "/home/prathamkelkar/ros2_ws/build/px4_msgs/ament_cmake_python/px4_msgs/setup.py", line 1, in <module>
[0.630s]     from setuptools import find_packages
[0.630s]   File "/home/prathamkelkar/.local/lib/python3.12/site-packages/setuptools/__init__.py", line 16, in <module>
[0.630s]     import setuptools.version
[0.630s]   File "/home/prathamkelkar/.local/lib/python3.12/site-packages/setuptools/version.py", line 1, in <module>
[0.630s]     import pkg_resources
[0.630s]   File "/home/prathamkelkar/.local/lib/python3.12/site-packages/pkg_resources/__init__.py", line 2191, in <module>
[0.630s]     register_finder(pkgutil.ImpImporter, find_on_path)
[0.630s]                     ^^^^^^^^^^^^^^^^^^^
[0.630s] AttributeError: module 'pkgutil' has no attribute 'ImpImporter'. Did you mean: 'zipimporter'?
[0.643s] gmake[2]: *** [CMakeFiles/ament_cmake_python_build_px4_msgs_egg.dir/build.make:70: CMakeFiles/ament_cmake_python_build_px4_msgs_egg] Error 1
[0.643s] gmake[1]: *** [CMakeFiles/Makefile2:497: CMakeFiles/ament_cmake_python_build_px4_msgs_egg.dir/all] Error 2
[0.644s] gmake[1]: *** Waiting for unfinished jobs....
[0.657s] [ 29%] Built target px4_msgs__rosidl_generator_c
[0.659s] gmake: *** [Makefile:146: all] Error 2
