[1.357s] Invoking command in '/home/prathamkelkar/ros2_ws/build/simple_quadcopter_teleop': DEBUGINFOD_URLS=https://debuginfod.ubuntu.com PYTHONPATH=/home/prathamkelkar/ros2_ws/build/simple_quadcopter_teleop/prefix_override:/usr/lib/python3/dist-packages/colcon_core/task/python/colcon_distutils_commands:/home/prathamkelkar/ros2_ws/install/simple_quadcopter_teleop/lib/python3.12/site-packages:${PYTHONPATH} /usr/bin/python3 -W ignore:setup.py install is deprecated -W ignore:easy_install command is deprecated setup.py develop --editable --build-directory /home/prathamkelkar/ros2_ws/build/simple_quadcopter_teleop/build --no-deps symlink_data
[1.707s] running develop
[1.868s] running egg_info
[1.868s] creating simple_quadcopter_teleop.egg-info
[1.883s] writing simple_quadcopter_teleop.egg-info/PKG-INFO
[1.883s] writing dependency_links to simple_quadcopter_teleop.egg-info/dependency_links.txt
[1.883s] writing requirements to simple_quadcopter_teleop.egg-info/requires.txt
[1.884s] writing top-level names to simple_quadcopter_teleop.egg-info/top_level.txt
[1.884s] writing manifest file 'simple_quadcopter_teleop.egg-info/SOURCES.txt'
[1.915s] reading manifest file 'simple_quadcopter_teleop.egg-info/SOURCES.txt'
[1.915s] writing manifest file 'simple_quadcopter_teleop.egg-info/SOURCES.txt'
[1.932s] running build_ext
[1.932s] Creating /home/prathamkelkar/ros2_ws/install/simple_quadcopter_teleop/lib/python3.12/site-packages/simple-quadcopter-teleop.egg-link (link to .)
[1.932s] 
[1.932s] Installed /home/prathamkelkar/ros2_ws/build/simple_quadcopter_teleop
[1.933s] running symlink_data
[1.933s] creating /home/prathamkelkar/ros2_ws/install/simple_quadcopter_teleop/share/ament_index
[1.933s] creating /home/prathamkelkar/ros2_ws/install/simple_quadcopter_teleop/share/ament_index/resource_index
[1.933s] creating /home/prathamkelkar/ros2_ws/install/simple_quadcopter_teleop/share/ament_index/resource_index/packages
[1.933s] symbolically linking /home/prathamkelkar/ros2_ws/build/simple_quadcopter_teleop/resource/simple_quadcopter_teleop -> /home/prathamkelkar/ros2_ws/install/simple_quadcopter_teleop/share/ament_index/resource_index/packages
[1.933s] symbolically linking /home/prathamkelkar/ros2_ws/build/simple_quadcopter_teleop/package.xml -> /home/prathamkelkar/ros2_ws/install/simple_quadcopter_teleop/share/simple_quadcopter_teleop
[1.964s] Invoked command in '/home/prathamkelkar/ros2_ws/build/simple_quadcopter_teleop' returned '0': DEBUGINFOD_URLS=https://debuginfod.ubuntu.com PYTHONPATH=/home/prathamkelkar/ros2_ws/build/simple_quadcopter_teleop/prefix_override:/usr/lib/python3/dist-packages/colcon_core/task/python/colcon_distutils_commands:/home/prathamkelkar/ros2_ws/install/simple_quadcopter_teleop/lib/python3.12/site-packages:${PYTHONPATH} /usr/bin/python3 -W ignore:setup.py install is deprecated -W ignore:easy_install command is deprecated setup.py develop --editable --build-directory /home/prathamkelkar/ros2_ws/build/simple_quadcopter_teleop/build --no-deps symlink_data
