[0.013s] Invoking command in '/home/prathamkelkar/ros2_ws/build/px4': CMAKE_PREFIX_PATH=${CMAKE_PREFIX_PATH}:/opt/ros/jazzy DEBUGINFOD_URLS=https://debuginfod.ubuntu.com /usr/bin/cmake /home/prathamkelkar/ros2_ws/PX4-Autopilot -DAMENT_CMAKE_SYMLINK_INSTALL=1 -DCMAKE_INSTALL_PREFIX=/home/prathamkelkar/ros2_ws/install/px4
[0.143s] -- PX4_GIT_TAG: v1.18.0-beta1-593-g6dc89338a8
[0.421s] -- Found Python3: /usr/bin/python3 (found version "3.12.3") found components: Interpreter 
[0.467s] -- PX4 config file: /home/prathamkelkar/ros2_ws/PX4-Autopilot/boards/px4/ros2/default.px4board
[1.032s] -- PLATFORM ros2
[1.032s] -- ROMFSROOT px4fmu_common
[1.034s] -- ROOT_PATH /fs/microsd
[1.035s] -- PARAM_FILE /fs/mtd_params
[1.062s] -- PX4 config: px4_ros2_default
[1.062s] -- PX4 platform: ros2
[1.246s] -- The CXX compiler identification is GNU 13.3.0
[1.283s] -- Detecting CXX compiler ABI info
[1.471s] -- Detecting CXX compiler ABI info - done
[1.490s] -- Check for working CXX compiler: /usr/bin/c++ - skipped
[1.499s] -- Detecting CXX compile features
[1.501s] -- Detecting CXX compile features - done
[1.511s] -- Found ament_cmake: 2.5.6 (/opt/ros/jazzy/share/ament_cmake/cmake)
[1.654s] -- Override CMake install command with custom implementation using symlinks instead of copying resources
[1.715s] -- Found rclcpp: 28.1.21 (/opt/ros/jazzy/share/rclcpp/cmake)
[1.802s] -- Found rosidl_generator_c: 4.6.9 (/opt/ros/jazzy/share/rosidl_generator_c/cmake)
[1.825s] -- Found rosidl_generator_cpp: 4.6.9 (/opt/ros/jazzy/share/rosidl_generator_cpp/cmake)
[1.858s] -- Using all available rosidl_typesupport_c: rosidl_typesupport_fastrtps_c;rosidl_typesupport_introspection_c
[1.892s] -- Using all available rosidl_typesupport_cpp: rosidl_typesupport_fastrtps_cpp;rosidl_typesupport_introspection_cpp
[2.064s] -- Found rmw_implementation_cmake: 7.3.3 (/opt/ros/jazzy/share/rmw_implementation_cmake/cmake)
[2.072s] -- Found rmw_fastrtps_cpp: 8.4.4 (/opt/ros/jazzy/share/rmw_fastrtps_cpp/cmake)
[2.204s] -- Found OpenSSL: /usr/lib/x86_64-linux-gnu/libcrypto.so (found version "3.0.13")  
[2.248s] -- Found FastRTPS: /opt/ros/jazzy/include (Required is at least version "2.13") 
[2.289s] -- Using RMW implementation 'rmw_fastrtps_cpp' as default
[2.473s] -- Found rosidl_default_generators: 1.6.1 (/opt/ros/jazzy/share/rosidl_default_generators/cmake)
[2.506s] -- Found rosidl_adapter: 4.6.9 (/opt/ros/jazzy/share/rosidl_adapter/cmake)
[2.516s] -- Found std_msgs: 5.3.8 (/opt/ros/jazzy/share/std_msgs/cmake)
[2.679s] -- The C compiler identification is GNU 13.3.0
[2.702s] -- The ASM compiler identification is GNU
[2.707s] -- Found assembler: /usr/bin/cc
[2.729s] -- Detecting C compiler ABI info
[2.875s] -- Detecting C compiler ABI info - done
[2.893s] -- Check for working C compiler: /usr/bin/cc - skipped
[2.894s] -- Detecting C compile features
[2.895s] -- Detecting C compile features - done
[2.909s] -- cmake build type: RelWithDebInfo
[2.910s] -- ccache enabled (export CCACHE_DISABLE=1 to disable)
[2.979s] -- Adding fuzztest
[9.139s] -- Performing Test ABSL_INTERNAL_AT_LEAST_CXX17
[9.291s] -- Performing Test ABSL_INTERNAL_AT_LEAST_CXX17 - Success
[9.291s] -- Performing Test ABSL_INTERNAL_AT_LEAST_CXX20
[9.361s] -- Performing Test ABSL_INTERNAL_AT_LEAST_CXX20 - Failed
[9.371s] -- Performing Test CMAKE_HAVE_LIBC_PTHREAD
[9.532s] -- Performing Test CMAKE_HAVE_LIBC_PTHREAD - Success
[9.535s] -- Found Threads: TRUE  
[23.782s] -- Building without demo. To enable demo build use: -DWITH_DEMO=True
[24.271s] -- ROS_VERSION: 2
[24.271s] -- AMENT_PREFIX_PATH: /opt/ros/jazzy
[26.125s] -- Found ament_cmake_ros: 0.12.1 (/opt/ros/jazzy/share/ament_cmake_ros/cmake)
[26.592s] -- Using all available rosidl_typesupport_c: rosidl_typesupport_fastrtps_c;rosidl_typesupport_introspection_c
[26.761s] -- Using all available rosidl_typesupport_cpp: rosidl_typesupport_fastrtps_cpp;rosidl_typesupport_introspection_cpp
[26.771s] -- Found python_cmake_module: 0.11.1 (/opt/ros/jazzy/share/python_cmake_module/cmake)
[26.825s] -- Found PythonExtra: /usr/bin/python3  
[27.416s] -- Found Python3: /usr/bin/python3 (found version "3.12.3") found components: Interpreter Development NumPy Development.Module Development.Embed 
[27.618s] -- Found Python3: /usr/bin/python3 (found version "3.12.3") found components: Interpreter 
[27.855s] [31mCMake Error at cmake/package.cmake:104 (target_compile_definitions):
[27.855s]   target_compile_definitions called with non-compilable target type
[27.855s] Call Stack (most recent call first):
[27.855s]   CMakeLists.txt:532 (include)
[27.856s] 
[27.857s] [0m
[27.857s] -- PX4 SITL .deb version: 1.18.0~beta1-noble (amd64)
[28.058s] -- Configuring incomplete, errors occurred!
[28.166s] Invoked command in '/home/prathamkelkar/ros2_ws/build/px4' returned '1': CMAKE_PREFIX_PATH=${CMAKE_PREFIX_PATH}:/opt/ros/jazzy DEBUGINFOD_URLS=https://debuginfod.ubuntu.com /usr/bin/cmake /home/prathamkelkar/ros2_ws/PX4-Autopilot -DAMENT_CMAKE_SYMLINK_INSTALL=1 -DCMAKE_INSTALL_PREFIX=/home/prathamkelkar/ros2_ws/install/px4
