[0.123s] DEBUG:colcon:Command line arguments: ['/usr/bin/colcon', 'build', '--symlink-install']
[0.123s] DEBUG:colcon:Parsed command line arguments: Namespace(log_base=None, log_level=None, verb_name='build', build_base='build', install_base='install', merge_install=False, symlink_install=True, test_result_base=None, continue_on_error=False, executor='parallel', parallel_workers=16, event_handlers=None, ignore_user_meta=False, metas=['./colcon.meta'], base_paths=['.'], packages_ignore=None, packages_ignore_regex=None, paths=None, packages_up_to=None, packages_up_to_regex=None, packages_above=None, packages_above_and_dependencies=None, packages_above_depth=None, packages_select_by_dep=None, packages_skip_by_dep=None, packages_skip_up_to=None, packages_select_build_failed=False, packages_skip_build_finished=False, packages_select_test_failures=False, packages_skip_test_passed=False, packages_select=None, packages_skip=None, packages_select_regex=None, packages_skip_regex=None, packages_start=None, packages_end=None, cmake_args=None, cmake_target=None, cmake_target_skip_unavailable=False, cmake_clean_cache=False, cmake_clean_first=False, cmake_force_configure=False, ament_cmake_args=None, catkin_cmake_args=None, catkin_skip_building_tests=False, verb_parser=<colcon_defaults.argument_parser.defaults.DefaultArgumentsDecorator object at 0x79edb81c33e0>, verb_extension=<colcon_core.verb.build.BuildVerb object at 0x79edb813a1b0>, main=<bound method BuildVerb.main of <colcon_core.verb.build.BuildVerb object at 0x79edb813a1b0>>)
[0.188s] Level 1:colcon.colcon_core.package_discovery:discover_packages(colcon_meta) check parameters
[0.188s] Level 1:colcon.colcon_core.package_discovery:discover_packages(recursive) check parameters
[0.188s] Level 1:colcon.colcon_core.package_discovery:discover_packages(ignore) check parameters
[0.188s] Level 1:colcon.colcon_core.package_discovery:discover_packages(path) check parameters
[0.188s] Level 1:colcon.colcon_core.package_discovery:discover_packages(colcon_meta) discover
[0.188s] Level 1:colcon.colcon_core.package_discovery:discover_packages(recursive) discover
[0.188s] INFO:colcon.colcon_core.package_discovery:Crawling recursively for packages in '/home/prathamkelkar/ros2_ws'
[0.188s] Level 1:colcon.colcon_core.package_identification:_identify(.) by extensions ['ignore', 'ignore_ament_install']
[0.188s] Level 1:colcon.colcon_core.package_identification:_identify(.) by extension 'ignore'
[0.188s] Level 1:colcon.colcon_core.package_identification:_identify(.) by extension 'ignore_ament_install'
[0.188s] Level 1:colcon.colcon_core.package_identification:_identify(.) by extensions ['colcon_pkg']
[0.189s] Level 1:colcon.colcon_core.package_identification:_identify(.) by extension 'colcon_pkg'
[0.189s] Level 1:colcon.colcon_core.package_identification:_identify(.) by extensions ['colcon_meta']
[0.189s] Level 1:colcon.colcon_core.package_identification:_identify(.) by extension 'colcon_meta'
[0.189s] Level 1:colcon.colcon_core.package_identification:_identify(.) by extensions ['ros']
[0.189s] Level 1:colcon.colcon_core.package_identification:_identify(.) by extension 'ros'
[0.214s] Level 1:colcon.colcon_core.package_identification:_identify(.) by extensions ['cmake', 'python']
[0.214s] Level 1:colcon.colcon_core.package_identification:_identify(.) by extension 'cmake'
[0.215s] Level 1:colcon.colcon_core.package_identification:_identify(.) by extension 'python'
[0.215s] Level 1:colcon.colcon_core.package_identification:_identify(.) by extensions ['python_setup_py']
[0.215s] Level 1:colcon.colcon_core.package_identification:_identify(.) by extension 'python_setup_py'
[0.215s] Level 1:colcon.colcon_core.package_identification:_identify(PX4-Autopilot) by extensions ['ignore', 'ignore_ament_install']
[0.215s] Level 1:colcon.colcon_core.package_identification:_identify(PX4-Autopilot) by extension 'ignore'
[0.215s] Level 1:colcon.colcon_core.package_identification:_identify(PX4-Autopilot) by extension 'ignore_ament_install'
[0.215s] Level 1:colcon.colcon_core.package_identification:_identify(PX4-Autopilot) by extensions ['colcon_pkg']
[0.215s] Level 1:colcon.colcon_core.package_identification:_identify(PX4-Autopilot) by extension 'colcon_pkg'
[0.215s] Level 1:colcon.colcon_core.package_identification:_identify(PX4-Autopilot) by extensions ['colcon_meta']
[0.215s] Level 1:colcon.colcon_core.package_identification:_identify(PX4-Autopilot) by extension 'colcon_meta'
[0.215s] Level 1:colcon.colcon_core.package_identification:_identify(PX4-Autopilot) by extensions ['ros']
[0.215s] Level 1:colcon.colcon_core.package_identification:_identify(PX4-Autopilot) by extension 'ros'
[0.218s] DEBUG:colcon.colcon_core.package_identification:Package 'PX4-Autopilot' with type 'ros.ament_cmake' and name 'px4'
[0.219s] Level 1:colcon.colcon_core.package_identification:_identify(build) by extensions ['ignore', 'ignore_ament_install']
[0.219s] Level 1:colcon.colcon_core.package_identification:_identify(build) by extension 'ignore'
[0.219s] Level 1:colcon.colcon_core.package_identification:_identify(build) ignored
[0.219s] Level 1:colcon.colcon_core.package_identification:_identify(install) by extensions ['ignore', 'ignore_ament_install']
[0.219s] Level 1:colcon.colcon_core.package_identification:_identify(install) by extension 'ignore'
[0.219s] Level 1:colcon.colcon_core.package_identification:_identify(install) ignored
[0.219s] Level 1:colcon.colcon_core.package_identification:_identify(log) by extensions ['ignore', 'ignore_ament_install']
[0.219s] Level 1:colcon.colcon_core.package_identification:_identify(log) by extension 'ignore'
[0.219s] Level 1:colcon.colcon_core.package_identification:_identify(log) ignored
[0.219s] Level 1:colcon.colcon_core.package_identification:_identify(src) by extensions ['ignore', 'ignore_ament_install']
[0.219s] Level 1:colcon.colcon_core.package_identification:_identify(src) by extension 'ignore'
[0.219s] Level 1:colcon.colcon_core.package_identification:_identify(src) by extension 'ignore_ament_install'
[0.219s] Level 1:colcon.colcon_core.package_identification:_identify(src) by extensions ['colcon_pkg']
[0.219s] Level 1:colcon.colcon_core.package_identification:_identify(src) by extension 'colcon_pkg'
[0.219s] Level 1:colcon.colcon_core.package_identification:_identify(src) by extensions ['colcon_meta']
[0.219s] Level 1:colcon.colcon_core.package_identification:_identify(src) by extension 'colcon_meta'
[0.220s] Level 1:colcon.colcon_core.package_identification:_identify(src) by extensions ['ros']
[0.220s] Level 1:colcon.colcon_core.package_identification:_identify(src) by extension 'ros'
[0.220s] Level 1:colcon.colcon_core.package_identification:_identify(src) by extensions ['cmake', 'python']
[0.220s] Level 1:colcon.colcon_core.package_identification:_identify(src) by extension 'cmake'
[0.220s] Level 1:colcon.colcon_core.package_identification:_identify(src) by extension 'python'
[0.220s] Level 1:colcon.colcon_core.package_identification:_identify(src) by extensions ['python_setup_py']
[0.220s] Level 1:colcon.colcon_core.package_identification:_identify(src) by extension 'python_setup_py'
[0.220s] Level 1:colcon.colcon_core.package_identification:_identify(src/simple_quadcopter_teleop) by extensions ['ignore', 'ignore_ament_install']
[0.220s] Level 1:colcon.colcon_core.package_identification:_identify(src/simple_quadcopter_teleop) by extension 'ignore'
[0.220s] Level 1:colcon.colcon_core.package_identification:_identify(src/simple_quadcopter_teleop) by extension 'ignore_ament_install'
[0.220s] Level 1:colcon.colcon_core.package_identification:_identify(src/simple_quadcopter_teleop) by extensions ['colcon_pkg']
[0.220s] Level 1:colcon.colcon_core.package_identification:_identify(src/simple_quadcopter_teleop) by extension 'colcon_pkg'
[0.220s] Level 1:colcon.colcon_core.package_identification:_identify(src/simple_quadcopter_teleop) by extensions ['colcon_meta']
[0.220s] Level 1:colcon.colcon_core.package_identification:_identify(src/simple_quadcopter_teleop) by extension 'colcon_meta'
[0.220s] Level 1:colcon.colcon_core.package_identification:_identify(src/simple_quadcopter_teleop) by extensions ['ros']
[0.220s] Level 1:colcon.colcon_core.package_identification:_identify(src/simple_quadcopter_teleop) by extension 'ros'
[0.221s] DEBUG:colcon.colcon_core.package_identification:Package 'src/simple_quadcopter_teleop' with type 'ros.ament_python' and name 'simple_quadcopter_teleop'
[0.221s] Level 1:colcon.colcon_core.package_discovery:discover_packages(recursive) using defaults
[0.221s] Level 1:colcon.colcon_core.package_discovery:discover_packages(ignore) discover
[0.221s] Level 1:colcon.colcon_core.package_discovery:discover_packages(ignore) using defaults
[0.221s] Level 1:colcon.colcon_core.package_discovery:discover_packages(path) discover
[0.221s] Level 1:colcon.colcon_core.package_discovery:discover_packages(path) using defaults
[0.241s] Level 5:colcon.colcon_core.verb:set package 'px4' build argument 'cmake_args' from command line to 'None'
[0.241s] Level 5:colcon.colcon_core.verb:set package 'px4' build argument 'cmake_target' from command line to 'None'
[0.242s] Level 5:colcon.colcon_core.verb:set package 'px4' build argument 'cmake_target_skip_unavailable' from command line to 'False'
[0.242s] Level 5:colcon.colcon_core.verb:set package 'px4' build argument 'cmake_clean_cache' from command line to 'False'
[0.242s] Level 5:colcon.colcon_core.verb:set package 'px4' build argument 'cmake_clean_first' from command line to 'False'
[0.242s] Level 5:colcon.colcon_core.verb:set package 'px4' build argument 'cmake_force_configure' from command line to 'False'
[0.242s] Level 5:colcon.colcon_core.verb:set package 'px4' build argument 'ament_cmake_args' from command line to 'None'
[0.242s] Level 5:colcon.colcon_core.verb:set package 'px4' build argument 'catkin_cmake_args' from command line to 'None'
[0.242s] Level 5:colcon.colcon_core.verb:set package 'px4' build argument 'catkin_skip_building_tests' from command line to 'False'
[0.242s] DEBUG:colcon.colcon_core.verb:Building package 'px4' with the following arguments: {'ament_cmake_args': None, 'build_base': '/home/prathamkelkar/ros2_ws/build/px4', 'catkin_cmake_args': None, 'catkin_skip_building_tests': False, 'cmake_args': None, 'cmake_clean_cache': False, 'cmake_clean_first': False, 'cmake_force_configure': False, 'cmake_target': None, 'cmake_target_skip_unavailable': False, 'install_base': '/home/prathamkelkar/ros2_ws/install/px4', 'merge_install': False, 'path': '/home/prathamkelkar/ros2_ws/PX4-Autopilot', 'symlink_install': True, 'test_result_base': None}
[0.242s] Level 5:colcon.colcon_core.verb:set package 'simple_quadcopter_teleop' build argument 'cmake_args' from command line to 'None'
[0.242s] Level 5:colcon.colcon_core.verb:set package 'simple_quadcopter_teleop' build argument 'cmake_target' from command line to 'None'
[0.242s] Level 5:colcon.colcon_core.verb:set package 'simple_quadcopter_teleop' build argument 'cmake_target_skip_unavailable' from command line to 'False'
[0.242s] Level 5:colcon.colcon_core.verb:set package 'simple_quadcopter_teleop' build argument 'cmake_clean_cache' from command line to 'False'
[0.242s] Level 5:colcon.colcon_core.verb:set package 'simple_quadcopter_teleop' build argument 'cmake_clean_first' from command line to 'False'
[0.242s] Level 5:colcon.colcon_core.verb:set package 'simple_quadcopter_teleop' build argument 'cmake_force_configure' from command line to 'False'
[0.242s] Level 5:colcon.colcon_core.verb:set package 'simple_quadcopter_teleop' build argument 'ament_cmake_args' from command line to 'None'
[0.242s] Level 5:colcon.colcon_core.verb:set package 'simple_quadcopter_teleop' build argument 'catkin_cmake_args' from command line to 'None'
[0.242s] Level 5:colcon.colcon_core.verb:set package 'simple_quadcopter_teleop' build argument 'catkin_skip_building_tests' from command line to 'False'
[0.242s] DEBUG:colcon.colcon_core.verb:Building package 'simple_quadcopter_teleop' with the following arguments: {'ament_cmake_args': None, 'build_base': '/home/prathamkelkar/ros2_ws/build/simple_quadcopter_teleop', 'catkin_cmake_args': None, 'catkin_skip_building_tests': False, 'cmake_args': None, 'cmake_clean_cache': False, 'cmake_clean_first': False, 'cmake_force_configure': False, 'cmake_target': None, 'cmake_target_skip_unavailable': False, 'install_base': '/home/prathamkelkar/ros2_ws/install/simple_quadcopter_teleop', 'merge_install': False, 'path': '/home/prathamkelkar/ros2_ws/src/simple_quadcopter_teleop', 'symlink_install': True, 'test_result_base': None}
[0.242s] INFO:colcon.colcon_core.executor:Executing jobs using 'parallel' executor
[0.243s] DEBUG:colcon.colcon_parallel_executor.executor.parallel:run_until_complete
[0.244s] INFO:colcon.colcon_ros.task.ament_cmake.build:Building ROS package in '/home/prathamkelkar/ros2_ws/PX4-Autopilot' with build type 'ament_cmake'
[0.244s] INFO:colcon.colcon_cmake.task.cmake.build:Building CMake package in '/home/prathamkelkar/ros2_ws/PX4-Autopilot'
[0.246s] INFO:colcon.colcon_core.plugin_system:Skipping extension 'colcon_core.shell.bat': Not used on non-Windows systems
[0.246s] DEBUG:colcon.colcon_core.shell:Skip shell extension 'dsv' for command environment
[0.250s] INFO:colcon.colcon_ros.task.ament_python.build:Building ROS package in '/home/prathamkelkar/ros2_ws/src/simple_quadcopter_teleop' with build type 'ament_python'
[0.251s] Level 1:colcon.colcon_core.shell:create_environment_hook('simple_quadcopter_teleop', 'ament_prefix_path')
[0.251s] INFO:colcon.colcon_core.shell:Creating environment descriptor '/home/prathamkelkar/ros2_ws/install/simple_quadcopter_teleop/share/simple_quadcopter_teleop/hook/ament_prefix_path.dsv'
[0.251s] INFO:colcon.colcon_core.shell:Creating environment hook '/home/prathamkelkar/ros2_ws/install/simple_quadcopter_teleop/share/simple_quadcopter_teleop/hook/ament_prefix_path.sh'
[0.252s] DEBUG:colcon.colcon_core.shell:Skip shell extension 'dsv' for command environment
[0.258s] DEBUG:colcon.colcon_core.event_handler.log_command:Invoking command in '/home/prathamkelkar/ros2_ws/build/px4': CMAKE_PREFIX_PATH=${CMAKE_PREFIX_PATH}:/opt/ros/jazzy DEBUGINFOD_URLS=https://debuginfod.ubuntu.com /usr/bin/cmake /home/prathamkelkar/ros2_ws/PX4-Autopilot -DAMENT_CMAKE_SYMLINK_INSTALL=1 -DCMAKE_INSTALL_PREFIX=/home/prathamkelkar/ros2_ws/install/px4
[0.515s] INFO:colcon.colcon_core.task.python.build:Building Python package in '/home/prathamkelkar/ros2_ws/src/simple_quadcopter_teleop'
[0.516s] DEBUG:colcon.colcon_core.shell:Skip shell extension 'dsv' for command environment
[1.272s] DEBUG:colcon.colcon_core.task.python.build:Available setuptools commands: build_clib, update_catalog, bdist_egg, install_egg_info, build_ext, install, install_lib, upload_docs, build_py, bdist_wheel, register, bdist_rpm, bdist_dumb, alias, easy_install, setopt, clean, build, bdist, dist_info, rotate, compile_catalog, editable_wheel, egg_info, check, saveopts, install_scripts, install_headers, init_catalog, symlink_data, test, build_scripts, upload, develop, sdist, extract_messages, install_data
[1.604s] DEBUG:colcon.colcon_core.task.python.build:Available setuptools 'develop' options: --no-user-cfg, --script-dir, --install-dir, --optimize, --help, --site-dirs, --egg-path, --record, --no-find-links, --editable, --dry-run, --local-snapshots-ok, --verbose, --exclude-scripts, --version, --allow-hosts, --find-links, --no-deps, --force-installation-into-system-dir, --multi-version, --user, --build-directory, --quiet, --upgrade, --always-copy, --index-url, --install-layout, --uninstall, --prefix, --always-unzip, --zip-ok
[1.608s] DEBUG:colcon.colcon_core.event_handler.log_command:Invoking command in '/home/prathamkelkar/ros2_ws/build/simple_quadcopter_teleop': DEBUGINFOD_URLS=https://debuginfod.ubuntu.com PYTHONPATH=/home/prathamkelkar/ros2_ws/build/simple_quadcopter_teleop/prefix_override:/usr/lib/python3/dist-packages/colcon_core/task/python/colcon_distutils_commands:/home/prathamkelkar/ros2_ws/install/simple_quadcopter_teleop/lib/python3.12/site-packages:${PYTHONPATH} /usr/bin/python3 -W ignore:setup.py install is deprecated -W ignore:easy_install command is deprecated setup.py develop --editable --build-directory /home/prathamkelkar/ros2_ws/build/simple_quadcopter_teleop/build --no-deps symlink_data
[2.215s] Level 1:colcon.colcon_core.shell:create_environment_hook('simple_quadcopter_teleop', 'pythonpath_develop')
[2.215s] INFO:colcon.colcon_core.shell:Creating environment descriptor '/home/prathamkelkar/ros2_ws/build/simple_quadcopter_teleop/share/simple_quadcopter_teleop/hook/pythonpath_develop.dsv'
[2.216s] DEBUG:colcon.colcon_core.event_handler.log_command:Invoked command in '/home/prathamkelkar/ros2_ws/build/simple_quadcopter_teleop' returned '0': DEBUGINFOD_URLS=https://debuginfod.ubuntu.com PYTHONPATH=/home/prathamkelkar/ros2_ws/build/simple_quadcopter_teleop/prefix_override:/usr/lib/python3/dist-packages/colcon_core/task/python/colcon_distutils_commands:/home/prathamkelkar/ros2_ws/install/simple_quadcopter_teleop/lib/python3.12/site-packages:${PYTHONPATH} /usr/bin/python3 -W ignore:setup.py install is deprecated -W ignore:easy_install command is deprecated setup.py develop --editable --build-directory /home/prathamkelkar/ros2_ws/build/simple_quadcopter_teleop/build --no-deps symlink_data
[2.217s] INFO:colcon.colcon_core.shell:Creating environment hook '/home/prathamkelkar/ros2_ws/build/simple_quadcopter_teleop/share/simple_quadcopter_teleop/hook/pythonpath_develop.sh'
[2.220s] Level 1:colcon.colcon_core.environment:checking '/home/prathamkelkar/ros2_ws/install/simple_quadcopter_teleop' for CMake module files
[2.221s] Level 1:colcon.colcon_core.environment:checking '/home/prathamkelkar/ros2_ws/install/simple_quadcopter_teleop' for CMake config files
[2.222s] Level 1:colcon.colcon_core.environment:checking '/home/prathamkelkar/ros2_ws/install/simple_quadcopter_teleop/lib'
[2.222s] Level 1:colcon.colcon_core.environment:checking '/home/prathamkelkar/ros2_ws/install/simple_quadcopter_teleop/bin'
[2.222s] Level 1:colcon.colcon_core.environment:checking '/home/prathamkelkar/ros2_ws/install/simple_quadcopter_teleop/lib/pkgconfig/simple_quadcopter_teleop.pc'
[2.222s] Level 1:colcon.colcon_core.environment:checking '/home/prathamkelkar/ros2_ws/install/simple_quadcopter_teleop/lib/python3.12/site-packages'
[2.223s] Level 1:colcon.colcon_core.shell:create_environment_hook('simple_quadcopter_teleop', 'pythonpath')
[2.223s] INFO:colcon.colcon_core.shell:Creating environment descriptor '/home/prathamkelkar/ros2_ws/install/simple_quadcopter_teleop/share/simple_quadcopter_teleop/hook/pythonpath.dsv'
[2.223s] INFO:colcon.colcon_core.shell:Creating environment hook '/home/prathamkelkar/ros2_ws/install/simple_quadcopter_teleop/share/simple_quadcopter_teleop/hook/pythonpath.sh'
[2.224s] Level 1:colcon.colcon_core.environment:checking '/home/prathamkelkar/ros2_ws/install/simple_quadcopter_teleop/bin'
[2.224s] Level 1:colcon.colcon_core.environment:create_environment_scripts_only(simple_quadcopter_teleop)
[2.224s] INFO:colcon.colcon_core.shell:Creating package descriptor '/home/prathamkelkar/ros2_ws/install/simple_quadcopter_teleop/share/simple_quadcopter_teleop/package.dsv'
[2.225s] INFO:colcon.colcon_core.shell:Creating package script '/home/prathamkelkar/ros2_ws/install/simple_quadcopter_teleop/share/simple_quadcopter_teleop/package.sh'
[2.226s] INFO:colcon.colcon_core.shell:Creating package script '/home/prathamkelkar/ros2_ws/install/simple_quadcopter_teleop/share/simple_quadcopter_teleop/package.bash'
[2.227s] INFO:colcon.colcon_core.shell:Creating package script '/home/prathamkelkar/ros2_ws/install/simple_quadcopter_teleop/share/simple_quadcopter_teleop/package.zsh'
[2.227s] Level 1:colcon.colcon_core.environment:create_file_with_runtime_dependencies(/home/prathamkelkar/ros2_ws/install/simple_quadcopter_teleop/share/colcon-core/packages/simple_quadcopter_teleop)
[28.413s] DEBUG:colcon.colcon_core.event_handler.log_command:Invoked command in '/home/prathamkelkar/ros2_ws/build/px4' returned '1': CMAKE_PREFIX_PATH=${CMAKE_PREFIX_PATH}:/opt/ros/jazzy DEBUGINFOD_URLS=https://debuginfod.ubuntu.com /usr/bin/cmake /home/prathamkelkar/ros2_ws/PX4-Autopilot -DAMENT_CMAKE_SYMLINK_INSTALL=1 -DCMAKE_INSTALL_PREFIX=/home/prathamkelkar/ros2_ws/install/px4
[28.433s] Level 1:colcon.colcon_core.environment:create_environment_scripts_only(px4)
[28.434s] Level 1:colcon.colcon_core.environment:checking '/home/prathamkelkar/ros2_ws/install/px4' for CMake module files
[28.434s] Level 1:colcon.colcon_core.environment:checking '/home/prathamkelkar/ros2_ws/install/px4' for CMake config files
[28.435s] Level 1:colcon.colcon_core.environment:checking '/home/prathamkelkar/ros2_ws/install/px4/bin'
[28.435s] Level 1:colcon.colcon_core.environment:checking '/home/prathamkelkar/ros2_ws/install/px4/lib/pkgconfig/px4.pc'
[28.435s] Level 1:colcon.colcon_core.environment:checking '/home/prathamkelkar/ros2_ws/install/px4/lib/python3.12/site-packages'
[28.436s] Level 1:colcon.colcon_core.environment:checking '/home/prathamkelkar/ros2_ws/install/px4/bin'
[28.436s] INFO:colcon.colcon_core.shell:Creating package descriptor '/home/prathamkelkar/ros2_ws/install/px4/share/px4/package.dsv'
[28.438s] INFO:colcon.colcon_core.shell:Creating package script '/home/prathamkelkar/ros2_ws/install/px4/share/px4/package.sh'
[28.438s] INFO:colcon.colcon_core.shell:Creating package script '/home/prathamkelkar/ros2_ws/install/px4/share/px4/package.bash'
[28.439s] INFO:colcon.colcon_core.shell:Creating package script '/home/prathamkelkar/ros2_ws/install/px4/share/px4/package.zsh'
[28.439s] Level 1:colcon.colcon_core.environment:create_file_with_runtime_dependencies(/home/prathamkelkar/ros2_ws/install/px4/share/colcon-core/packages/px4)
[28.450s] DEBUG:colcon.colcon_parallel_executor.executor.parallel:closing loop
[28.451s] DEBUG:colcon.colcon_parallel_executor.executor.parallel:loop closed
[28.451s] DEBUG:colcon.colcon_parallel_executor.executor.parallel:run_until_complete finished with '1'
[28.451s] DEBUG:colcon.colcon_core.event_reactor:joining thread
[28.468s] INFO:colcon.colcon_core.plugin_system:Skipping extension 'colcon_notification.desktop_notification.terminal_notifier': Not used on non-Darwin systems
[28.469s] INFO:colcon.colcon_core.plugin_system:Skipping extension 'colcon_notification.desktop_notification.win32': Not used on non-Windows systems
[28.469s] INFO:colcon.colcon_notification.desktop_notification:Sending desktop notification using 'notify2'
[28.520s] DEBUG:colcon.colcon_core.event_reactor:joined thread
[28.521s] INFO:colcon.colcon_core.shell:Creating prefix script '/home/prathamkelkar/ros2_ws/install/local_setup.sh'
[28.522s] INFO:colcon.colcon_core.shell:Creating prefix util module '/home/prathamkelkar/ros2_ws/install/_local_setup_util_sh.py'
[28.525s] INFO:colcon.colcon_core.shell:Creating prefix chain script '/home/prathamkelkar/ros2_ws/install/setup.sh'
[28.526s] INFO:colcon.colcon_core.shell:Creating prefix script '/home/prathamkelkar/ros2_ws/install/local_setup.bash'
[28.527s] INFO:colcon.colcon_core.shell:Creating prefix chain script '/home/prathamkelkar/ros2_ws/install/setup.bash'
[28.528s] INFO:colcon.colcon_core.shell:Creating prefix script '/home/prathamkelkar/ros2_ws/install/local_setup.zsh'
[28.528s] INFO:colcon.colcon_core.shell:Creating prefix chain script '/home/prathamkelkar/ros2_ws/install/setup.zsh'
