running develop
Removing /home/prathamkelkar/ros2_ws/install/simple_quadcopter_teleop/lib/python3.12/site-packages/simple-quadcopter-teleop.egg-link (link to .)
running egg_info
writing ../../build/simple_quadcopter_teleop/simple_quadcopter_teleop.egg-info/PKG-INFO
writing dependency_links to ../../build/simple_quadcopter_teleop/simple_quadcopter_teleop.egg-info/dependency_links.txt
writing requirements to ../../build/simple_quadcopter_teleop/simple_quadcopter_teleop.egg-info/requires.txt
writing top-level names to ../../build/simple_quadcopter_teleop/simple_quadcopter_teleop.egg-info/top_level.txt
reading manifest file '../../build/simple_quadcopter_teleop/simple_quadcopter_teleop.egg-info/SOURCES.txt'
writing manifest file '../../build/simple_quadcopter_teleop/simple_quadcopter_teleop.egg-info/SOURCES.txt'
running build
running build_py
creating /home/prathamkelkar/ros2_ws/build/simple_quadcopter_teleop/build
creating /home/prathamkelkar/ros2_ws/build/simple_quadcopter_teleop/build/lib
creating /home/prathamkelkar/ros2_ws/build/simple_quadcopter_teleop/build/lib/simple_quadcopter_teleop
copying simple_quadcopter_teleop/__init__.py -> /home/prathamkelkar/ros2_ws/build/simple_quadcopter_teleop/build/lib/simple_quadcopter_teleop
running install
running install_lib
creating /home/prathamkelkar/ros2_ws/install/simple_quadcopter_teleop/lib/python3.12/site-packages/simple_quadcopter_teleop
copying /home/prathamkelkar/ros2_ws/build/simple_quadcopter_teleop/build/lib/simple_quadcopter_teleop/__init__.py -> /home/prathamkelkar/ros2_ws/install/simple_quadcopter_teleop/lib/python3.12/site-packages/simple_quadcopter_teleop
byte-compiling /home/prathamkelkar/ros2_ws/install/simple_quadcopter_teleop/lib/python3.12/site-packages/simple_quadcopter_teleop/__init__.py to __init__.cpython-312.pyc
running install_data
copying resource/simple_quadcopter_teleop -> /home/prathamkelkar/ros2_ws/install/simple_quadcopter_teleop/share/ament_index/resource_index/packages
copying package.xml -> /home/prathamkelkar/ros2_ws/install/simple_quadcopter_teleop/share/simple_quadcopter_teleop
running install_egg_info
Copying ../../build/simple_quadcopter_teleop/simple_quadcopter_teleop.egg-info to /home/prathamkelkar/ros2_ws/install/simple_quadcopter_teleop/lib/python3.12/site-packages/simple_quadcopter_teleop-0.0.0-py3.12.egg-info
running install_scripts
writing list of installed files to '/home/prathamkelkar/ros2_ws/build/simple_quadcopter_teleop/install.log'
