[0.803s] Invoking command in '/home/prathamkelkar/ros2_ws/build/simple_quadcopter_teleop': DEBUGINFOD_URLS=https://debuginfod.ubuntu.com PYTHONPATH=/home/prathamkelkar/ros2_ws/build/simple_quadcopter_teleop/prefix_override:/usr/lib/python3/dist-packages/colcon_core/task/python/colcon_distutils_commands:/home/prathamkelkar/ros2_ws/install/simple_quadcopter_teleop/lib/python3.12/site-packages:${PYTHONPATH} /usr/bin/python3 -W ignore:setup.py install is deprecated -W ignore:easy_install command is deprecated setup.py develop --uninstall --editable --build-directory /home/prathamkelkar/ros2_ws/build/simple_quadcopter_teleop/build
[1.116s] running develop
[1.274s] Removing /home/prathamkelkar/ros2_ws/install/simple_quadcopter_teleop/lib/python3.12/site-packages/simple-quadcopter-teleop.egg-link (link to .)
[1.304s] Invoked command in '/home/prathamkelkar/ros2_ws/build/simple_quadcopter_teleop' returned '0': DEBUGINFOD_URLS=https://debuginfod.ubuntu.com PYTHONPATH=/home/prathamkelkar/ros2_ws/build/simple_quadcopter_teleop/prefix_override:/usr/lib/python3/dist-packages/colcon_core/task/python/colcon_distutils_commands:/home/prathamkelkar/ros2_ws/install/simple_quadcopter_teleop/lib/python3.12/site-packages:${PYTHONPATH} /usr/bin/python3 -W ignore:setup.py install is deprecated -W ignore:easy_install command is deprecated setup.py develop --uninstall --editable --build-directory /home/prathamkelkar/ros2_ws/build/simple_quadcopter_teleop/build
[1.306s] Invoking command in '/home/prathamkelkar/ros2_ws/src/simple_quadcopter_teleop': DEBUGINFOD_URLS=https://debuginfod.ubuntu.com PYTHONPATH=/home/prathamkelkar/ros2_ws/build/simple_quadcopter_teleop/prefix_override:/usr/lib/python3/dist-packages/colcon_core/task/python/colcon_distutils_commands:/home/prathamkelkar/ros2_ws/install/simple_quadcopter_teleop/lib/python3.12/site-packages:${PYTHONPATH} /usr/bin/python3 -W ignore:setup.py install is deprecated -W ignore:easy_install command is deprecated setup.py egg_info --egg-base ../../build/simple_quadcopter_teleop build --build-base /home/prathamkelkar/ros2_ws/build/simple_quadcopter_teleop/build install --record /home/prathamkelkar/ros2_ws/build/simple_quadcopter_teleop/install.log --install-scripts $base/lib/simple_quadcopter_teleop --single-version-externally-managed install_data --force
[1.585s] running egg_info
[1.600s] writing ../../build/simple_quadcopter_teleop/simple_quadcopter_teleop.egg-info/PKG-INFO
[1.600s] writing dependency_links to ../../build/simple_quadcopter_teleop/simple_quadcopter_teleop.egg-info/dependency_links.txt
[1.600s] writing requirements to ../../build/simple_quadcopter_teleop/simple_quadcopter_teleop.egg-info/requires.txt
[1.600s] writing top-level names to ../../build/simple_quadcopter_teleop/simple_quadcopter_teleop.egg-info/top_level.txt
[1.631s] reading manifest file '../../build/simple_quadcopter_teleop/simple_quadcopter_teleop.egg-info/SOURCES.txt'
[1.632s] writing manifest file '../../build/simple_quadcopter_teleop/simple_quadcopter_teleop.egg-info/SOURCES.txt'
[1.632s] running build
[1.632s] running build_py
[1.632s] creating /home/prathamkelkar/ros2_ws/build/simple_quadcopter_teleop/build
[1.632s] creating /home/prathamkelkar/ros2_ws/build/simple_quadcopter_teleop/build/lib
[1.633s] creating /home/prathamkelkar/ros2_ws/build/simple_quadcopter_teleop/build/lib/simple_quadcopter_teleop
[1.633s] copying simple_quadcopter_teleop/__init__.py -> /home/prathamkelkar/ros2_ws/build/simple_quadcopter_teleop/build/lib/simple_quadcopter_teleop
[1.633s] running install
[1.638s] running install_lib
[1.654s] creating /home/prathamkelkar/ros2_ws/install/simple_quadcopter_teleop/lib/python3.12/site-packages/simple_quadcopter_teleop
[1.654s] copying /home/prathamkelkar/ros2_ws/build/simple_quadcopter_teleop/build/lib/simple_quadcopter_teleop/__init__.py -> /home/prathamkelkar/ros2_ws/install/simple_quadcopter_teleop/lib/python3.12/site-packages/simple_quadcopter_teleop
[1.654s] byte-compiling /home/prathamkelkar/ros2_ws/install/simple_quadcopter_teleop/lib/python3.12/site-packages/simple_quadcopter_teleop/__init__.py to __init__.cpython-312.pyc
[1.655s] running install_data
[1.655s] copying resource/simple_quadcopter_teleop -> /home/prathamkelkar/ros2_ws/install/simple_quadcopter_teleop/share/ament_index/resource_index/packages
[1.655s] copying package.xml -> /home/prathamkelkar/ros2_ws/install/simple_quadcopter_teleop/share/simple_quadcopter_teleop
[1.655s] running install_egg_info
[1.672s] Copying ../../build/simple_quadcopter_teleop/simple_quadcopter_teleop.egg-info to /home/prathamkelkar/ros2_ws/install/simple_quadcopter_teleop/lib/python3.12/site-packages/simple_quadcopter_teleop-0.0.0-py3.12.egg-info
[1.672s] running install_scripts
[1.786s] writing list of installed files to '/home/prathamkelkar/ros2_ws/build/simple_quadcopter_teleop/install.log'
[1.813s] Invoked command in '/home/prathamkelkar/ros2_ws/src/simple_quadcopter_teleop' returned '0': DEBUGINFOD_URLS=https://debuginfod.ubuntu.com PYTHONPATH=/home/prathamkelkar/ros2_ws/build/simple_quadcopter_teleop/prefix_override:/usr/lib/python3/dist-packages/colcon_core/task/python/colcon_distutils_commands:/home/prathamkelkar/ros2_ws/install/simple_quadcopter_teleop/lib/python3.12/site-packages:${PYTHONPATH} /usr/bin/python3 -W ignore:setup.py install is deprecated -W ignore:easy_install command is deprecated setup.py egg_info --egg-base ../../build/simple_quadcopter_teleop build --build-base /home/prathamkelkar/ros2_ws/build/simple_quadcopter_teleop/build install --record /home/prathamkelkar/ros2_ws/build/simple_quadcopter_teleop/install.log --install-scripts $base/lib/simple_quadcopter_teleop --single-version-externally-managed install_data --force
