[0.129s] DEBUG:colcon:Command line arguments: ['/usr/bin/colcon', 'build', '--symlink-install']
[0.129s] DEBUG:colcon:Parsed command line arguments: Namespace(log_base=None, log_level=None, verb_name='build', build_base='build', install_base='install', merge_install=False, symlink_install=True, test_result_base=None, continue_on_error=False, executor='parallel', parallel_workers=16, event_handlers=None, ignore_user_meta=False, metas=['./colcon.meta'], base_paths=['.'], packages_ignore=None, packages_ignore_regex=None, paths=None, packages_up_to=None, packages_up_to_regex=None, packages_above=None, packages_above_and_dependencies=None, packages_above_depth=None, packages_select_by_dep=None, packages_skip_by_dep=None, packages_skip_up_to=None, packages_select_build_failed=False, packages_skip_build_finished=False, packages_select_test_failures=False, packages_skip_test_passed=False, packages_select=None, packages_skip=None, packages_select_regex=None, packages_skip_regex=None, packages_start=None, packages_end=None, allow_overriding=[], cmake_args=None, cmake_target=None, cmake_target_skip_unavailable=False, cmake_clean_cache=False, cmake_clean_first=False, cmake_force_configure=False, ament_cmake_args=None, catkin_cmake_args=None, catkin_skip_building_tests=False, mixin_files=None, mixin=None, verb_parser=<colcon_mixin.mixin.mixin_argument.MixinArgumentDecorator object at 0x7cef470a2a20>, verb_extension=<colcon_core.verb.build.BuildVerb object at 0x7cef471bb410>, main=<bound method BuildVerb.main of <colcon_core.verb.build.BuildVerb object at 0x7cef471bb410>>, mixin_verb=('build',))
[0.175s] Level 1:colcon.colcon_core.package_discovery:discover_packages(colcon_meta) check parameters
[0.176s] Level 1:colcon.colcon_core.package_discovery:discover_packages(recursive) check parameters
[0.176s] Level 1:colcon.colcon_core.package_discovery:discover_packages(ignore) check parameters
[0.176s] Level 1:colcon.colcon_core.package_discovery:discover_packages(path) check parameters
[0.176s] Level 1:colcon.colcon_core.package_discovery:discover_packages(colcon_meta) discover
[0.176s] Level 1:colcon.colcon_core.package_discovery:discover_packages(recursive) discover
[0.176s] INFO:colcon.colcon_core.package_discovery:Crawling recursively for packages in '/home/prathamkelkar/ros2_ws'
[0.176s] Level 1:colcon.colcon_core.package_identification:_identify(.) by extensions ['ignore', 'ignore_ament_install']
[0.176s] Level 1:colcon.colcon_core.package_identification:_identify(.) by extension 'ignore'
[0.177s] Level 1:colcon.colcon_core.package_identification:_identify(.) by extension 'ignore_ament_install'
[0.177s] Level 1:colcon.colcon_core.package_identification:_identify(.) by extensions ['colcon_pkg']
[0.177s] Level 1:colcon.colcon_core.package_identification:_identify(.) by extension 'colcon_pkg'
[0.177s] Level 1:colcon.colcon_core.package_identification:_identify(.) by extensions ['colcon_meta']
[0.177s] Level 1:colcon.colcon_core.package_identification:_identify(.) by extension 'colcon_meta'
[0.177s] Level 1:colcon.colcon_core.package_identification:_identify(.) by extensions ['ros']
[0.177s] Level 1:colcon.colcon_core.package_identification:_identify(.) by extension 'ros'
[0.208s] Level 1:colcon.colcon_core.package_identification:_identify(.) by extensions ['cmake', 'python']
[0.208s] Level 1:colcon.colcon_core.package_identification:_identify(.) by extension 'cmake'
[0.209s] Level 1:colcon.colcon_core.package_identification:_identify(.) by extension 'python'
[0.209s] Level 1:colcon.colcon_core.package_identification:_identify(.) by extensions ['python_setup_py']
[0.209s] Level 1:colcon.colcon_core.package_identification:_identify(.) by extension 'python_setup_py'
[0.209s] Level 1:colcon.colcon_core.package_identification:_identify(build) by extensions ['ignore', 'ignore_ament_install']
[0.209s] Level 1:colcon.colcon_core.package_identification:_identify(build) by extension 'ignore'
[0.209s] Level 1:colcon.colcon_core.package_identification:_identify(build) ignored
[0.209s] Level 1:colcon.colcon_core.package_identification:_identify(install) by extensions ['ignore', 'ignore_ament_install']
[0.209s] Level 1:colcon.colcon_core.package_identification:_identify(install) by extension 'ignore'
[0.210s] Level 1:colcon.colcon_core.package_identification:_identify(install) ignored
[0.210s] Level 1:colcon.colcon_core.package_identification:_identify(log) by extensions ['ignore', 'ignore_ament_install']
[0.210s] Level 1:colcon.colcon_core.package_identification:_identify(log) by extension 'ignore'
[0.210s] Level 1:colcon.colcon_core.package_identification:_identify(log) ignored
[0.210s] Level 1:colcon.colcon_core.package_identification:_identify(src) by extensions ['ignore', 'ignore_ament_install']
[0.210s] Level 1:colcon.colcon_core.package_identification:_identify(src) by extension 'ignore'
[0.210s] Level 1:colcon.colcon_core.package_identification:_identify(src) by extension 'ignore_ament_install'
[0.210s] Level 1:colcon.colcon_core.package_identification:_identify(src) by extensions ['colcon_pkg']
[0.210s] Level 1:colcon.colcon_core.package_identification:_identify(src) by extension 'colcon_pkg'
[0.210s] Level 1:colcon.colcon_core.package_identification:_identify(src) by extensions ['colcon_meta']
[0.210s] Level 1:colcon.colcon_core.package_identification:_identify(src) by extension 'colcon_meta'
[0.210s] Level 1:colcon.colcon_core.package_identification:_identify(src) by extensions ['ros']
[0.210s] Level 1:colcon.colcon_core.package_identification:_identify(src) by extension 'ros'
[0.210s] Level 1:colcon.colcon_core.package_identification:_identify(src) by extensions ['cmake', 'python']
[0.210s] Level 1:colcon.colcon_core.package_identification:_identify(src) by extension 'cmake'
[0.210s] Level 1:colcon.colcon_core.package_identification:_identify(src) by extension 'python'
[0.210s] Level 1:colcon.colcon_core.package_identification:_identify(src) by extensions ['python_setup_py']
[0.210s] Level 1:colcon.colcon_core.package_identification:_identify(src) by extension 'python_setup_py'
[0.211s] Level 1:colcon.colcon_core.package_identification:_identify(src/px4_msgs) by extensions ['ignore', 'ignore_ament_install']
[0.211s] Level 1:colcon.colcon_core.package_identification:_identify(src/px4_msgs) by extension 'ignore'
[0.211s] Level 1:colcon.colcon_core.package_identification:_identify(src/px4_msgs) by extension 'ignore_ament_install'
[0.211s] Level 1:colcon.colcon_core.package_identification:_identify(src/px4_msgs) by extensions ['colcon_pkg']
[0.211s] Level 1:colcon.colcon_core.package_identification:_identify(src/px4_msgs) by extension 'colcon_pkg'
[0.211s] Level 1:colcon.colcon_core.package_identification:_identify(src/px4_msgs) by extensions ['colcon_meta']
[0.211s] Level 1:colcon.colcon_core.package_identification:_identify(src/px4_msgs) by extension 'colcon_meta'
[0.211s] Level 1:colcon.colcon_core.package_identification:_identify(src/px4_msgs) by extensions ['ros']
[0.211s] Level 1:colcon.colcon_core.package_identification:_identify(src/px4_msgs) by extension 'ros'
[0.214s] DEBUG:colcon.colcon_core.package_identification:Package 'src/px4_msgs' with type 'ros.ament_cmake' and name 'px4_msgs'
[0.214s] Level 1:colcon.colcon_core.package_identification:_identify(src/simple_quadcopter_teleop) by extensions ['ignore', 'ignore_ament_install']
[0.214s] Level 1:colcon.colcon_core.package_identification:_identify(src/simple_quadcopter_teleop) by extension 'ignore'
[0.215s] Level 1:colcon.colcon_core.package_identification:_identify(src/simple_quadcopter_teleop) by extension 'ignore_ament_install'
[0.215s] Level 1:colcon.colcon_core.package_identification:_identify(src/simple_quadcopter_teleop) by extensions ['colcon_pkg']
[0.215s] Level 1:colcon.colcon_core.package_identification:_identify(src/simple_quadcopter_teleop) by extension 'colcon_pkg'
[0.215s] Level 1:colcon.colcon_core.package_identification:_identify(src/simple_quadcopter_teleop) by extensions ['colcon_meta']
[0.215s] Level 1:colcon.colcon_core.package_identification:_identify(src/simple_quadcopter_teleop) by extension 'colcon_meta'
[0.215s] Level 1:colcon.colcon_core.package_identification:_identify(src/simple_quadcopter_teleop) by extensions ['ros']
[0.215s] Level 1:colcon.colcon_core.package_identification:_identify(src/simple_quadcopter_teleop) by extension 'ros'
[0.215s] DEBUG:colcon.colcon_core.package_identification:Package 'src/simple_quadcopter_teleop' with type 'ros.ament_python' and name 'simple_quadcopter_teleop'
[0.215s] Level 1:colcon.colcon_core.package_discovery:discover_packages(recursive) using defaults
[0.215s] Level 1:colcon.colcon_core.package_discovery:discover_packages(ignore) discover
[0.215s] Level 1:colcon.colcon_core.package_discovery:discover_packages(ignore) using defaults
[0.215s] Level 1:colcon.colcon_core.package_discovery:discover_packages(path) discover
[0.215s] Level 1:colcon.colcon_core.package_discovery:discover_packages(path) using defaults
[0.238s] Level 1:colcon.colcon_core.package_discovery:discover_packages(prefix_path) check parameters
[0.238s] Level 1:colcon.colcon_core.package_discovery:discover_packages(prefix_path) discover
[0.241s] DEBUG:colcon.colcon_installed_package_information.package_discovery:Found 477 installed packages in /opt/ros/jazzy
[0.243s] Level 1:colcon.colcon_core.package_discovery:discover_packages(prefix_path) using defaults
[0.302s] Level 5:colcon.colcon_core.verb:set package 'px4_msgs' build argument 'cmake_args' from command line to 'None'
[0.302s] Level 5:colcon.colcon_core.verb:set package 'px4_msgs' build argument 'cmake_target' from command line to 'None'
[0.302s] Level 5:colcon.colcon_core.verb:set package 'px4_msgs' build argument 'cmake_target_skip_unavailable' from command line to 'False'
[0.302s] Level 5:colcon.colcon_core.verb:set package 'px4_msgs' build argument 'cmake_clean_cache' from command line to 'False'
[0.302s] Level 5:colcon.colcon_core.verb:set package 'px4_msgs' build argument 'cmake_clean_first' from command line to 'False'
[0.302s] Level 5:colcon.colcon_core.verb:set package 'px4_msgs' build argument 'cmake_force_configure' from command line to 'False'
[0.302s] Level 5:colcon.colcon_core.verb:set package 'px4_msgs' build argument 'ament_cmake_args' from command line to 'None'
[0.302s] Level 5:colcon.colcon_core.verb:set package 'px4_msgs' build argument 'catkin_cmake_args' from command line to 'None'
[0.302s] Level 5:colcon.colcon_core.verb:set package 'px4_msgs' build argument 'catkin_skip_building_tests' from command line to 'False'
[0.303s] DEBUG:colcon.colcon_core.verb:Building package 'px4_msgs' with the following arguments: {'ament_cmake_args': None, 'build_base': '/home/prathamkelkar/ros2_ws/build/px4_msgs', 'catkin_cmake_args': None, 'catkin_skip_building_tests': False, 'cmake_args': None, 'cmake_clean_cache': False, 'cmake_clean_first': False, 'cmake_force_configure': False, 'cmake_target': None, 'cmake_target_skip_unavailable': False, 'install_base': '/home/prathamkelkar/ros2_ws/install/px4_msgs', 'merge_install': False, 'path': '/home/prathamkelkar/ros2_ws/src/px4_msgs', 'symlink_install': True, 'test_result_base': None}
[0.303s] Level 5:colcon.colcon_core.verb:set package 'simple_quadcopter_teleop' build argument 'cmake_args' from command line to 'None'
[0.303s] Level 5:colcon.colcon_core.verb:set package 'simple_quadcopter_teleop' build argument 'cmake_target' from command line to 'None'
[0.303s] Level 5:colcon.colcon_core.verb:set package 'simple_quadcopter_teleop' build argument 'cmake_target_skip_unavailable' from command line to 'False'
[0.303s] Level 5:colcon.colcon_core.verb:set package 'simple_quadcopter_teleop' build argument 'cmake_clean_cache' from command line to 'False'
[0.303s] Level 5:colcon.colcon_core.verb:set package 'simple_quadcopter_teleop' build argument 'cmake_clean_first' from command line to 'False'
[0.303s] Level 5:colcon.colcon_core.verb:set package 'simple_quadcopter_teleop' build argument 'cmake_force_configure' from command line to 'False'
[0.303s] Level 5:colcon.colcon_core.verb:set package 'simple_quadcopter_teleop' build argument 'ament_cmake_args' from command line to 'None'
[0.303s] Level 5:colcon.colcon_core.verb:set package 'simple_quadcopter_teleop' build argument 'catkin_cmake_args' from command line to 'None'
[0.303s] Level 5:colcon.colcon_core.verb:set package 'simple_quadcopter_teleop' build argument 'catkin_skip_building_tests' from command line to 'False'
[0.303s] DEBUG:colcon.colcon_core.verb:Building package 'simple_quadcopter_teleop' with the following arguments: {'ament_cmake_args': None, 'build_base': '/home/prathamkelkar/ros2_ws/build/simple_quadcopter_teleop', 'catkin_cmake_args': None, 'catkin_skip_building_tests': False, 'cmake_args': None, 'cmake_clean_cache': False, 'cmake_clean_first': False, 'cmake_force_configure': False, 'cmake_target': None, 'cmake_target_skip_unavailable': False, 'install_base': '/home/prathamkelkar/ros2_ws/install/simple_quadcopter_teleop', 'merge_install': False, 'path': '/home/prathamkelkar/ros2_ws/src/simple_quadcopter_teleop', 'symlink_install': True, 'test_result_base': None}
[0.303s] INFO:colcon.colcon_core.executor:Executing jobs using 'parallel' executor
[0.305s] DEBUG:colcon.colcon_parallel_executor.executor.parallel:run_until_complete
[0.305s] INFO:colcon.colcon_ros.task.ament_cmake.build:Building ROS package in '/home/prathamkelkar/ros2_ws/src/px4_msgs' with build type 'ament_cmake'
[0.305s] INFO:colcon.colcon_cmake.task.cmake.build:Building CMake package in '/home/prathamkelkar/ros2_ws/src/px4_msgs'
[0.309s] INFO:colcon.colcon_core.plugin_system:Skipping extension 'colcon_core.shell.bat': Not used on non-Windows systems
[0.309s] INFO:colcon.colcon_core.shell:Skip shell extension 'powershell' for command environment: Not usable outside of PowerShell
[0.309s] DEBUG:colcon.colcon_core.shell:Skip shell extension 'dsv' for command environment
[0.317s] INFO:colcon.colcon_ros.task.ament_python.build:Building ROS package in '/home/prathamkelkar/ros2_ws/src/simple_quadcopter_teleop' with build type 'ament_python'
[0.318s] Level 1:colcon.colcon_core.shell:create_environment_hook('simple_quadcopter_teleop', 'ament_prefix_path')
[0.318s] INFO:colcon.colcon_core.shell:Creating environment hook '/home/prathamkelkar/ros2_ws/install/simple_quadcopter_teleop/share/simple_quadcopter_teleop/hook/ament_prefix_path.ps1'
[0.319s] INFO:colcon.colcon_core.shell:Creating environment descriptor '/home/prathamkelkar/ros2_ws/install/simple_quadcopter_teleop/share/simple_quadcopter_teleop/hook/ament_prefix_path.dsv'
[0.321s] INFO:colcon.colcon_core.shell:Creating environment hook '/home/prathamkelkar/ros2_ws/install/simple_quadcopter_teleop/share/simple_quadcopter_teleop/hook/ament_prefix_path.sh'
[0.322s] INFO:colcon.colcon_core.shell:Skip shell extension 'powershell' for command environment: Not usable outside of PowerShell
[0.323s] DEBUG:colcon.colcon_core.shell:Skip shell extension 'dsv' for command environment
[0.345s] DEBUG:colcon.colcon_core.event_handler.log_command:Invoking command in '/home/prathamkelkar/ros2_ws/build/px4_msgs': CMAKE_PREFIX_PATH=${CMAKE_PREFIX_PATH}:/opt/ros/jazzy DEBUGINFOD_URLS=https://debuginfod.ubuntu.com /usr/bin/cmake --build /home/prathamkelkar/ros2_ws/build/px4_msgs -- -j16 -l16
[0.666s] INFO:colcon.colcon_core.task.python.build:Building Python package in '/home/prathamkelkar/ros2_ws/src/simple_quadcopter_teleop'
[0.667s] INFO:colcon.colcon_core.shell:Skip shell extension 'powershell' for command environment: Not usable outside of PowerShell
[0.667s] DEBUG:colcon.colcon_core.shell:Skip shell extension 'dsv' for command environment
[1.472s] DEBUG:colcon.colcon_core.task.python.build:Available setuptools commands: symlink_data, bdist_egg, alias, build_ext, build_py, clean, install_data, easy_install, test, setopt, check, editable_wheel, build_clib, build, egg_info, bdist, dist_info, rotate, install_headers, build_scripts, upload_docs, saveopts, register, install_egg_info, init_catalog, update_catalog, install_scripts, extract_messages, bdist_rpm, develop, compile_catalog, sdist, install, bdist_wheel, bdist_dumb, install_lib, upload
[1.934s] DEBUG:colcon.colcon_core.task.python.build:Available setuptools 'develop' options: --find-links, --exclude-scripts, --no-deps, --uninstall, --prefix, --install-layout, --always-unzip, --record, --quiet, --site-dirs, --script-dir, --optimize, --allow-hosts, --dry-run, --install-dir, --egg-path, --user, --local-snapshots-ok, --force-installation-into-system-dir, --no-find-links, --multi-version, --index-url, --build-directory, --no-user-cfg, --help, --verbose, --zip-ok, --always-copy, --version, --editable, --upgrade
[1.936s] DEBUG:colcon.colcon_core.event_handler.log_command:Invoking command in '/home/prathamkelkar/ros2_ws/build/simple_quadcopter_teleop': DEBUGINFOD_URLS=https://debuginfod.ubuntu.com PYTHONPATH=/home/prathamkelkar/ros2_ws/build/simple_quadcopter_teleop/prefix_override:/usr/lib/python3/dist-packages/colcon_core/task/python/colcon_distutils_commands:/home/prathamkelkar/ros2_ws/install/simple_quadcopter_teleop/lib/python3.12/site-packages:${PYTHONPATH} /usr/bin/python3 -W ignore:setup.py install is deprecated -W ignore:easy_install command is deprecated setup.py develop --editable --build-directory /home/prathamkelkar/ros2_ws/build/simple_quadcopter_teleop/build --no-deps symlink_data
[2.224s] DEBUG:colcon.colcon_core.event_handler.log_command:Invoked command in '/home/prathamkelkar/ros2_ws/build/px4_msgs' returned '0': CMAKE_PREFIX_PATH=${CMAKE_PREFIX_PATH}:/opt/ros/jazzy DEBUGINFOD_URLS=https://debuginfod.ubuntu.com /usr/bin/cmake --build /home/prathamkelkar/ros2_ws/build/px4_msgs -- -j16 -l16
[2.243s] DEBUG:colcon.colcon_core.event_handler.log_command:Invoking command in '/home/prathamkelkar/ros2_ws/build/px4_msgs': CMAKE_PREFIX_PATH=${CMAKE_PREFIX_PATH}:/opt/ros/jazzy DEBUGINFOD_URLS=https://debuginfod.ubuntu.com /usr/bin/cmake --install /home/prathamkelkar/ros2_ws/build/px4_msgs
[2.730s] Level 1:colcon.colcon_core.shell:create_environment_hook('simple_quadcopter_teleop', 'pythonpath_develop')
[2.731s] INFO:colcon.colcon_core.shell:Creating environment hook '/home/prathamkelkar/ros2_ws/build/simple_quadcopter_teleop/share/simple_quadcopter_teleop/hook/pythonpath_develop.ps1'
[2.733s] INFO:colcon.colcon_core.shell:Creating environment descriptor '/home/prathamkelkar/ros2_ws/build/simple_quadcopter_teleop/share/simple_quadcopter_teleop/hook/pythonpath_develop.dsv'
[2.735s] INFO:colcon.colcon_core.shell:Creating environment hook '/home/prathamkelkar/ros2_ws/build/simple_quadcopter_teleop/share/simple_quadcopter_teleop/hook/pythonpath_develop.sh'
[2.743s] Level 1:colcon.colcon_core.environment:checking '/home/prathamkelkar/ros2_ws/install/simple_quadcopter_teleop' for CMake module files
[2.746s] Level 1:colcon.colcon_core.environment:checking '/home/prathamkelkar/ros2_ws/install/simple_quadcopter_teleop' for CMake config files
[2.749s] Level 1:colcon.colcon_core.environment:checking '/home/prathamkelkar/ros2_ws/install/simple_quadcopter_teleop/lib'
[2.750s] Level 1:colcon.colcon_core.environment:checking '/home/prathamkelkar/ros2_ws/install/simple_quadcopter_teleop/bin'
[2.750s] Level 1:colcon.colcon_core.environment:checking '/home/prathamkelkar/ros2_ws/install/simple_quadcopter_teleop/lib/pkgconfig/simple_quadcopter_teleop.pc'
[2.751s] Level 1:colcon.colcon_core.environment:checking '/home/prathamkelkar/ros2_ws/install/simple_quadcopter_teleop/lib/python3.12/site-packages'
[2.751s] Level 1:colcon.colcon_core.shell:create_environment_hook('simple_quadcopter_teleop', 'pythonpath')
[2.752s] INFO:colcon.colcon_core.shell:Creating environment hook '/home/prathamkelkar/ros2_ws/install/simple_quadcopter_teleop/share/simple_quadcopter_teleop/hook/pythonpath.ps1'
[2.753s] INFO:colcon.colcon_core.shell:Creating environment descriptor '/home/prathamkelkar/ros2_ws/install/simple_quadcopter_teleop/share/simple_quadcopter_teleop/hook/pythonpath.dsv'
[2.754s] INFO:colcon.colcon_core.shell:Creating environment hook '/home/prathamkelkar/ros2_ws/install/simple_quadcopter_teleop/share/simple_quadcopter_teleop/hook/pythonpath.sh'
[2.756s] Level 1:colcon.colcon_core.environment:checking '/home/prathamkelkar/ros2_ws/install/simple_quadcopter_teleop/bin'
[2.756s] Level 1:colcon.colcon_core.environment:create_environment_scripts_only(simple_quadcopter_teleop)
[2.756s] INFO:colcon.colcon_core.shell:Creating package script '/home/prathamkelkar/ros2_ws/install/simple_quadcopter_teleop/share/simple_quadcopter_teleop/package.ps1'
[2.758s] INFO:colcon.colcon_core.shell:Creating package descriptor '/home/prathamkelkar/ros2_ws/install/simple_quadcopter_teleop/share/simple_quadcopter_teleop/package.dsv'
[2.760s] INFO:colcon.colcon_core.shell:Creating package script '/home/prathamkelkar/ros2_ws/install/simple_quadcopter_teleop/share/simple_quadcopter_teleop/package.sh'
[2.762s] INFO:colcon.colcon_core.shell:Creating package script '/home/prathamkelkar/ros2_ws/install/simple_quadcopter_teleop/share/simple_quadcopter_teleop/package.bash'
[2.764s] INFO:colcon.colcon_core.shell:Creating package script '/home/prathamkelkar/ros2_ws/install/simple_quadcopter_teleop/share/simple_quadcopter_teleop/package.zsh'
[2.767s] Level 1:colcon.colcon_core.environment:create_file_with_runtime_dependencies(/home/prathamkelkar/ros2_ws/install/simple_quadcopter_teleop/share/colcon-core/packages/simple_quadcopter_teleop)
[2.797s] DEBUG:colcon.colcon_core.event_handler.log_command:Invoked command in '/home/prathamkelkar/ros2_ws/build/simple_quadcopter_teleop' returned '0': DEBUGINFOD_URLS=https://debuginfod.ubuntu.com PYTHONPATH=/home/prathamkelkar/ros2_ws/build/simple_quadcopter_teleop/prefix_override:/usr/lib/python3/dist-packages/colcon_core/task/python/colcon_distutils_commands:/home/prathamkelkar/ros2_ws/install/simple_quadcopter_teleop/lib/python3.12/site-packages:${PYTHONPATH} /usr/bin/python3 -W ignore:setup.py install is deprecated -W ignore:easy_install command is deprecated setup.py develop --editable --build-directory /home/prathamkelkar/ros2_ws/build/simple_quadcopter_teleop/build --no-deps symlink_data
[2.841s] Level 1:colcon.colcon_core.environment:create_environment_scripts_only(px4_msgs)
[2.841s] Level 1:colcon.colcon_core.environment:checking '/home/prathamkelkar/ros2_ws/install/px4_msgs' for CMake module files
[2.842s] DEBUG:colcon.colcon_core.event_handler.log_command:Invoked command in '/home/prathamkelkar/ros2_ws/build/px4_msgs' returned '0': CMAKE_PREFIX_PATH=${CMAKE_PREFIX_PATH}:/opt/ros/jazzy DEBUGINFOD_URLS=https://debuginfod.ubuntu.com /usr/bin/cmake --install /home/prathamkelkar/ros2_ws/build/px4_msgs
[2.843s] Level 1:colcon.colcon_core.environment:checking '/home/prathamkelkar/ros2_ws/install/px4_msgs' for CMake config files
[2.874s] Level 1:colcon.colcon_core.shell:create_environment_hook('px4_msgs', 'cmake_prefix_path')
[2.875s] INFO:colcon.colcon_core.shell:Creating environment hook '/home/prathamkelkar/ros2_ws/install/px4_msgs/share/px4_msgs/hook/cmake_prefix_path.ps1'
[2.876s] INFO:colcon.colcon_core.shell:Creating environment descriptor '/home/prathamkelkar/ros2_ws/install/px4_msgs/share/px4_msgs/hook/cmake_prefix_path.dsv'
[2.876s] INFO:colcon.colcon_core.shell:Creating environment hook '/home/prathamkelkar/ros2_ws/install/px4_msgs/share/px4_msgs/hook/cmake_prefix_path.sh'
[2.878s] Level 1:colcon.colcon_core.environment:checking '/home/prathamkelkar/ros2_ws/install/px4_msgs/lib'
[2.878s] Level 1:colcon.colcon_core.shell:create_environment_hook('px4_msgs', 'ld_library_path_lib')
[2.878s] INFO:colcon.colcon_core.shell:Creating environment hook '/home/prathamkelkar/ros2_ws/install/px4_msgs/share/px4_msgs/hook/ld_library_path_lib.ps1'
[2.879s] INFO:colcon.colcon_core.shell:Creating environment descriptor '/home/prathamkelkar/ros2_ws/install/px4_msgs/share/px4_msgs/hook/ld_library_path_lib.dsv'
[2.880s] INFO:colcon.colcon_core.shell:Creating environment hook '/home/prathamkelkar/ros2_ws/install/px4_msgs/share/px4_msgs/hook/ld_library_path_lib.sh'
[2.880s] Level 1:colcon.colcon_core.environment:checking '/home/prathamkelkar/ros2_ws/install/px4_msgs/bin'
[2.880s] Level 1:colcon.colcon_core.environment:checking '/home/prathamkelkar/ros2_ws/install/px4_msgs/lib/pkgconfig/px4_msgs.pc'
[2.881s] Level 1:colcon.colcon_core.environment:checking '/home/prathamkelkar/ros2_ws/install/px4_msgs/lib/python3.12/site-packages'
[2.881s] Level 1:colcon.colcon_core.shell:create_environment_hook('px4_msgs', 'pythonpath')
[2.881s] INFO:colcon.colcon_core.shell:Creating environment hook '/home/prathamkelkar/ros2_ws/install/px4_msgs/share/px4_msgs/hook/pythonpath.ps1'
[2.882s] INFO:colcon.colcon_core.shell:Creating environment descriptor '/home/prathamkelkar/ros2_ws/install/px4_msgs/share/px4_msgs/hook/pythonpath.dsv'
[2.883s] INFO:colcon.colcon_core.shell:Creating environment hook '/home/prathamkelkar/ros2_ws/install/px4_msgs/share/px4_msgs/hook/pythonpath.sh'
[2.884s] Level 1:colcon.colcon_core.environment:checking '/home/prathamkelkar/ros2_ws/install/px4_msgs/bin'
[2.885s] INFO:colcon.colcon_core.shell:Creating package script '/home/prathamkelkar/ros2_ws/install/px4_msgs/share/px4_msgs/package.ps1'
[2.886s] INFO:colcon.colcon_core.shell:Creating package descriptor '/home/prathamkelkar/ros2_ws/install/px4_msgs/share/px4_msgs/package.dsv'
[2.887s] INFO:colcon.colcon_core.shell:Creating package script '/home/prathamkelkar/ros2_ws/install/px4_msgs/share/px4_msgs/package.sh'
[2.887s] INFO:colcon.colcon_core.shell:Creating package script '/home/prathamkelkar/ros2_ws/install/px4_msgs/share/px4_msgs/package.bash'
[2.888s] INFO:colcon.colcon_core.shell:Creating package script '/home/prathamkelkar/ros2_ws/install/px4_msgs/share/px4_msgs/package.zsh'
[2.888s] Level 1:colcon.colcon_core.environment:create_file_with_runtime_dependencies(/home/prathamkelkar/ros2_ws/install/px4_msgs/share/colcon-core/packages/px4_msgs)
[2.889s] Level 1:colcon.colcon_core.environment:create_environment_scripts_only(px4_msgs)
[2.889s] Level 1:colcon.colcon_core.environment:checking '/home/prathamkelkar/ros2_ws/install/px4_msgs' for CMake module files
[2.890s] Level 1:colcon.colcon_core.environment:checking '/home/prathamkelkar/ros2_ws/install/px4_msgs' for CMake config files
[2.920s] Level 1:colcon.colcon_core.shell:create_environment_hook('px4_msgs', 'cmake_prefix_path')
[2.921s] INFO:colcon.colcon_core.shell:Creating environment hook '/home/prathamkelkar/ros2_ws/install/px4_msgs/share/px4_msgs/hook/cmake_prefix_path.ps1'
[2.922s] INFO:colcon.colcon_core.shell:Creating environment descriptor '/home/prathamkelkar/ros2_ws/install/px4_msgs/share/px4_msgs/hook/cmake_prefix_path.dsv'
[2.923s] INFO:colcon.colcon_core.shell:Creating environment hook '/home/prathamkelkar/ros2_ws/install/px4_msgs/share/px4_msgs/hook/cmake_prefix_path.sh'
[2.924s] Level 1:colcon.colcon_core.environment:checking '/home/prathamkelkar/ros2_ws/install/px4_msgs/lib'
[2.924s] Level 1:colcon.colcon_core.shell:create_environment_hook('px4_msgs', 'ld_library_path_lib')
[2.925s] INFO:colcon.colcon_core.shell:Creating environment hook '/home/prathamkelkar/ros2_ws/install/px4_msgs/share/px4_msgs/hook/ld_library_path_lib.ps1'
[2.925s] INFO:colcon.colcon_core.shell:Creating environment descriptor '/home/prathamkelkar/ros2_ws/install/px4_msgs/share/px4_msgs/hook/ld_library_path_lib.dsv'
[2.926s] INFO:colcon.colcon_core.shell:Creating environment hook '/home/prathamkelkar/ros2_ws/install/px4_msgs/share/px4_msgs/hook/ld_library_path_lib.sh'
[2.927s] Level 1:colcon.colcon_core.environment:checking '/home/prathamkelkar/ros2_ws/install/px4_msgs/bin'
[2.927s] Level 1:colcon.colcon_core.environment:checking '/home/prathamkelkar/ros2_ws/install/px4_msgs/lib/pkgconfig/px4_msgs.pc'
[2.928s] Level 1:colcon.colcon_core.environment:checking '/home/prathamkelkar/ros2_ws/install/px4_msgs/lib/python3.12/site-packages'
[2.928s] Level 1:colcon.colcon_core.shell:create_environment_hook('px4_msgs', 'pythonpath')
[2.928s] INFO:colcon.colcon_core.shell:Creating environment hook '/home/prathamkelkar/ros2_ws/install/px4_msgs/share/px4_msgs/hook/pythonpath.ps1'
[2.930s] INFO:colcon.colcon_core.shell:Creating environment descriptor '/home/prathamkelkar/ros2_ws/install/px4_msgs/share/px4_msgs/hook/pythonpath.dsv'
[2.930s] INFO:colcon.colcon_core.shell:Creating environment hook '/home/prathamkelkar/ros2_ws/install/px4_msgs/share/px4_msgs/hook/pythonpath.sh'
[2.932s] Level 1:colcon.colcon_core.environment:checking '/home/prathamkelkar/ros2_ws/install/px4_msgs/bin'
[2.932s] INFO:colcon.colcon_core.shell:Creating package script '/home/prathamkelkar/ros2_ws/install/px4_msgs/share/px4_msgs/package.ps1'
[2.933s] INFO:colcon.colcon_core.shell:Creating package descriptor '/home/prathamkelkar/ros2_ws/install/px4_msgs/share/px4_msgs/package.dsv'
[2.934s] INFO:colcon.colcon_core.shell:Creating package script '/home/prathamkelkar/ros2_ws/install/px4_msgs/share/px4_msgs/package.sh'
[2.935s] INFO:colcon.colcon_core.shell:Creating package script '/home/prathamkelkar/ros2_ws/install/px4_msgs/share/px4_msgs/package.bash'
[2.935s] INFO:colcon.colcon_core.shell:Creating package script '/home/prathamkelkar/ros2_ws/install/px4_msgs/share/px4_msgs/package.zsh'
[2.936s] Level 1:colcon.colcon_core.environment:create_file_with_runtime_dependencies(/home/prathamkelkar/ros2_ws/install/px4_msgs/share/colcon-core/packages/px4_msgs)
[2.936s] DEBUG:colcon.colcon_parallel_executor.executor.parallel:closing loop
[2.937s] DEBUG:colcon.colcon_parallel_executor.executor.parallel:loop closed
[2.937s] DEBUG:colcon.colcon_parallel_executor.executor.parallel:run_until_complete finished with '0'
[2.938s] DEBUG:colcon.colcon_core.event_reactor:joining thread
[2.945s] INFO:colcon.colcon_core.plugin_system:Skipping extension 'colcon_notification.desktop_notification.terminal_notifier': Not used on non-Darwin systems
[2.946s] INFO:colcon.colcon_core.plugin_system:Skipping extension 'colcon_notification.desktop_notification.win32': Not used on non-Windows systems
[2.946s] INFO:colcon.colcon_notification.desktop_notification:Sending desktop notification using 'notify2'
[2.983s] DEBUG:colcon.colcon_core.event_reactor:joined thread
[2.984s] INFO:colcon.colcon_core.shell:Creating prefix script '/home/prathamkelkar/ros2_ws/install/local_setup.ps1'
[2.986s] INFO:colcon.colcon_core.shell:Creating prefix util module '/home/prathamkelkar/ros2_ws/install/_local_setup_util_ps1.py'
[2.989s] INFO:colcon.colcon_core.shell:Creating prefix chain script '/home/prathamkelkar/ros2_ws/install/setup.ps1'
[2.992s] INFO:colcon.colcon_core.shell:Creating prefix script '/home/prathamkelkar/ros2_ws/install/local_setup.sh'
[2.993s] INFO:colcon.colcon_core.shell:Creating prefix util module '/home/prathamkelkar/ros2_ws/install/_local_setup_util_sh.py'
[2.994s] INFO:colcon.colcon_core.shell:Creating prefix chain script '/home/prathamkelkar/ros2_ws/install/setup.sh'
[2.998s] INFO:colcon.colcon_core.shell:Creating prefix script '/home/prathamkelkar/ros2_ws/install/local_setup.bash'
[2.999s] INFO:colcon.colcon_core.shell:Creating prefix chain script '/home/prathamkelkar/ros2_ws/install/setup.bash'
[3.001s] INFO:colcon.colcon_core.shell:Creating prefix script '/home/prathamkelkar/ros2_ws/install/local_setup.zsh'
[3.002s] INFO:colcon.colcon_core.shell:Creating prefix chain script '/home/prathamkelkar/ros2_ws/install/setup.zsh'
